* EvoSuite 1.2.1-SNAPSHOT
* Going to generate test cases for class: org.apache.commons.lang3.math.NumberUtils
* Starting Client-0
* Connecting to master process on port 16635
* Analyzing classpath: 
  - /home/user/d4j-workspace/Lang-9b/target/classes
* Finished analyzing classpath
* Generating tests for class org.apache.commons.lang3.math.NumberUtils
* Test criteria:
  - Line Coverage
  - Branch Coverage
  - Exception
  - Mutation testing (weak)
  - Method-Output Coverage
  - Top-Level Method Coverage
  - No-Exception Top-Level Method Coverage
  - Context Branch Coverage
========== CUSTOM GWO INITIALIZED ==========
[Progress:>                             0%] [Cov:>                                  0%]* Total number of test goals for GWO: 2267
* Using seed 1789617815182
* Starting evolution
[MASTER] 11:03:36.534 [logback-2] ERROR ClientNodeImpl - Error when generating tests for: org.apache.commons.lang3.math.NumberUtils with seed 1789617815182. Configuration id : null
java.lang.UnsupportedOperationException: isMaximizationFunction() called on mock
	at org.evosuite.ga.FitnessFunctionMock.isMaximizationFunction(FitnessFunctionMock.java:81)
	at org.evosuite.statistics.StatisticsListener.searchStarted(StatisticsListener.java:149)
	at org.evosuite.ga.metaheuristics.GeneticAlgorithm.lambda$notifySearchStarted$7(GeneticAlgorithm.java:800)
	at java.base/java.lang.Iterable.forEach(Iterable.java:75)
	at org.evosuite.ga.metaheuristics.GeneticAlgorithm.notifySearchStarted(GeneticAlgorithm.java:800)
	at org.evosuite.ga.metaheuristics.GreyWolfAlgorithm.initializePopulation(GreyWolfAlgorithm.java:641)
	at org.evosuite.ga.metaheuristics.GreyWolfAlgorithm.generateSolution(GreyWolfAlgorithm.java:704)
	at org.evosuite.strategy.MOSuiteStrategy.generateTests(MOSuiteStrategy.java:128)
	at org.evosuite.TestSuiteGenerator.generateTests(TestSuiteGenerator.java:630)
	at org.evosuite.TestSuiteGenerator.generateTestSuite(TestSuiteGenerator.java:208)
	at org.evosuite.rmi.service.ClientNodeImpl.lambda$startNewSearch$0(ClientNodeImpl.java:140)
	at java.base/java.util.concurrent.Executors$RunnableAdapter.call(Executors.java:515)
	at java.base/java.util.concurrent.FutureTask.run(FutureTask.java:264)
	at java.base/java.util.concurrent.ThreadPoolExecutor.runWorker(ThreadPoolExecutor.java:1128)
	at java.base/java.util.concurrent.ThreadPoolExecutor$Worker.run(ThreadPoolExecutor.java:628)
	at java.base/java.lang.Thread.run(Thread.java:829)
* Computation finished
[MASTER] 11:03:36.650 [main] ERROR SearchStatistics - No statistics has been saved because EvoSuite failed to generate any test case
[MASTER] 11:03:36.753 [main] ERROR TestGeneration - failed to write statistics data
