* EvoSuite 1.2.1-SNAPSHOT
* Going to generate test cases for class: com.fasterxml.jackson.databind.deser.std.UntypedObjectDeserializer
* Starting Client-0
* Connecting to master process on port 5187
* Analyzing classpath: 
  - /home/user/d4j-workspace/JacksonDatabind-32b/target/classes
  - /home/user/defects4j/framework/projects/JacksonDatabind/lib/com/fasterxml/jackson/core/jackson-annotations/2.6.0/jackson-annotations-2.6.0.jar
  - /home/user/defects4j/framework/projects/JacksonDatabind/lib/com/fasterxml/jackson/core/jackson-core/2.6.3/jackson-core-2.6.3.jar
  - /home/user/defects4j/framework/projects/JacksonDatabind/lib/com/fasterxml/jackson/core/jackson-annotations/2.6.0/jackson-annotations-2.6.0.jar
  - /home/user/defects4j/framework/projects/JacksonDatabind/lib/com/fasterxml/jackson/core/jackson-core/2.6.3/jackson-core-2.6.3.jar
  - /home/user/defects4j/framework/projects/JacksonDatabind/lib/org/powermock/powermock-module-junit4/1.6.2/powermock-module-junit4-1.6.2.jar
  - /home/user/defects4j/framework/projects/JacksonDatabind/lib/org/powermock/powermock-module-junit4-common/1.6.2/powermock-module-junit4-common-1.6.2.jar
  - /home/user/defects4j/framework/projects/JacksonDatabind/lib/org/powermock/powermock-core/1.6.2/powermock-core-1.6.2.jar
  - /home/user/defects4j/framework/projects/JacksonDatabind/lib/org/javassist/javassist/3.19.0-GA/javassist-3.19.0-GA.jar
  - /home/user/defects4j/framework/projects/JacksonDatabind/lib/org/powermock/powermock-reflect/1.6.2/powermock-reflect-1.6.2.jar
  - /home/user/defects4j/framework/projects/JacksonDatabind/lib/org/objenesis/objenesis/2.1/objenesis-2.1.jar
  - /home/user/defects4j/framework/projects/JacksonDatabind/lib/org/powermock/powermock-api-mockito/1.6.2/powermock-api-mockito-1.6.2.jar
  - /home/user/defects4j/framework/projects/JacksonDatabind/lib/org/mockito/mockito-all/1.10.19/mockito-all-1.10.19.jar
  - /home/user/defects4j/framework/projects/JacksonDatabind/lib/org/powermock/powermock-api-support/1.6.2/powermock-api-support-1.6.2.jar
  - /home/user/defects4j/framework/projects/JacksonDatabind/lib/javax/measure/jsr-275/0.9.2/jsr-275-0.9.2.jar
  - /home/user/defects4j/framework/projects/JacksonDatabind/lib/com/google/guava/guava/18.0/guava-18.0.jar
  - /home/user/defects4j/framework/projects/JacksonDatabind/lib/junit/junit/4.11/junit-4.11.jar
  - /home/user/defects4j/framework/projects/JacksonDatabind/lib/org/hamcrest/hamcrest-core/1.3/hamcrest-core-1.3.jar
  - /home/user/d4j-workspace/JacksonDatabind-32b/target/classes
  - /home/user/d4j-workspace/JacksonDatabind-32b/target/test-classes
  - /home/user/defects4j/framework/projects/lib/junit-4.12-hamcrest-1.3.jar
  - /home/user/defects4j/framework/projects/JacksonDatabind/lib/antlr/antlr/2.7.7/antlr-2.7.7.jar
  - /home/user/defects4j/framework/projects/JacksonDatabind/lib/asm/asm-analysis/3.2/asm-analysis-3.2.jar
  - /home/user/defects4j/framework/projects/JacksonDatabind/lib/asm/asm-commons/3.2/asm-commons-3.2.jar
  - /home/user/defects4j/framework/projects/JacksonDatabind/lib/asm/asm-tree/3.2/asm-tree-3.2.jar
  - /home/user/defects4j/framework/projects/JacksonDatabind/lib/asm/asm-util/3.2/asm-util-3.2.jar
  - /home/user/defects4j/framework/projects/JacksonDatabind/lib/asm/asm/3.3.1/asm-3.3.1.jar
  - /home/user/defects4j/framework/projects/JacksonDatabind/lib/cglib/cglib/2.2.2/cglib-2.2.2.jar
  - /home/user/defects4j/framework/projects/JacksonDatabind/lib/cglib/cglib/3.1/cglib-3.1.jar
  - /home/user/defects4j/framework/projects/JacksonDatabind/lib/com/fasterxml/jackson/core/jackson-annotations/2.10.0-SNAPSHOT/jackson-annotations-2.10.0-20190519.085045-3.jar
  - /home/user/defects4j/framework/projects/JacksonDatabind/lib/com/fasterxml/jackson/core/jackson-annotations/2.2.0/jackson-annotations-2.2.0.jar
  - /home/user/defects4j/framework/projects/JacksonDatabind/lib/com/fasterxml/jackson/core/jackson-annotations/2.2.1/jackson-annotations-2.2.1.jar
  - /home/user/defects4j/framework/projects/JacksonDatabind/lib/com/fasterxml/jackson/core/jackson-annotations/2.3.0/jackson-annotations-2.3.0.jar
  - /home/user/defects4j/framework/projects/JacksonDatabind/lib/com/fasterxml/jackson/core/jackson-annotations/2.4.0-rc3/jackson-annotations-2.4.0-rc3.jar
  - /home/user/defects4j/framework/projects/JacksonDatabind/lib/com/fasterxml/jackson/core/jackson-annotations/2.4.0/jackson-annotations-2.4.0.jar
  - /home/user/defects4j/framework/projects/JacksonDatabind/lib/com/fasterxml/jackson/core/jackson-annotations/2.5.0/jackson-annotations-2.5.0.jar
  - /home/user/defects4j/framework/projects/JacksonDatabind/lib/com/fasterxml/jackson/core/jackson-annotations/2.6.0-rc1/jackson-annotations-2.6.0-rc1.jar
  - /home/user/defects4j/framework/projects/JacksonDatabind/lib/com/fasterxml/jackson/core/jackson-annotations/2.6.0-rc2/jackson-annotations-2.6.0-rc2.jar
  - /home/user/defects4j/framework/projects/JacksonDatabind/lib/com/fasterxml/jackson/core/jackson-annotations/2.6.0-rc3/jackson-annotations-2.6.0-rc3.jar
  - /home/user/defects4j/framework/projects/JacksonDatabind/lib/com/fasterxml/jackson/core/jackson-annotations/2.7.0-rc2/jackson-annotations-2.7.0-rc2.jar
  - /home/user/defects4j/framework/projects/JacksonDatabind/lib/com/fasterxml/jackson/core/jackson-annotations/2.7.0/jackson-annotations-2.7.0.jar
  - /home/user/defects4j/framework/projects/JacksonDatabind/lib/com/fasterxml/jackson/core/jackson-annotations/2.8.0.rc1/jackson-annotations-2.8.0.rc1.jar
  - /home/user/defects4j/framework/projects/JacksonDatabind/lib/com/fasterxml/jackson/core/jackson-annotations/2.8.0/jackson-annotations-2.8.0.jar
  - /home/user/defects4j/framework/projects/JacksonDatabind/lib/com/fasterxml/jackson/core/jackson-annotations/2.9.0.pr3/jackson-annotations-2.9.0.pr3.jar
  - /home/user/defects4j/framework/projects/JacksonDatabind/lib/com/fasterxml/jackson/core/jackson-annotations/2.9.0/jackson-annotations-2.9.0.jar
  - /home/user/defects4j/framework/projects/JacksonDatabind/lib/com/fasterxml/jackson/core/jackson-annotations/3.0-SNAPSHOT/jackson-annotations-3.0-20190323.173155-41.jar
  - /home/user/defects4j/framework/projects/JacksonDatabind/lib/com/fasterxml/jackson/core/jackson-annotations/3.0-SNAPSHOT/jackson-annotations-3.0-20190519.085339-43.jar
  - /home/user/defects4j/framework/projects/JacksonDatabind/lib/com/fasterxml/jackson/core/jackson-core/2.10.0-SNAPSHOT/jackson-core-2.10.0-20190518.180547-60.jar
  - /home/user/defects4j/framework/projects/JacksonDatabind/lib/com/fasterxml/jackson/core/jackson-core/2.2.0/jackson-core-2.2.0.jar
  - /home/user/defects4j/framework/projects/JacksonDatabind/lib/com/fasterxml/jackson/core/jackson-core/2.2.1/jackson-core-2.2.1.jar
  - /home/user/defects4j/framework/projects/JacksonDatabind/lib/com/fasterxml/jackson/core/jackson-core/2.3.0/jackson-core-2.3.0.jar
  - /home/user/defects4j/framework/projects/JacksonDatabind/lib/com/fasterxml/jackson/core/jackson-core/2.4.0-rc3/jackson-core-2.4.0-rc3.jar
  - /home/user/defects4j/framework/projects/JacksonDatabind/lib/com/fasterxml/jackson/core/jackson-core/2.4.0/jackson-core-2.4.0.jar
  - /home/user/defects4j/framework/projects/JacksonDatabind/lib/com/fasterxml/jackson/core/jackson-core/2.4.1.1/jackson-core-2.4.1.1.jar
  - /home/user/defects4j/framework/projects/JacksonDatabind/lib/com/fasterxml/jackson/core/jackson-core/2.4.2/jackson-core-2.4.2.jar
  - /home/user/defects4j/framework/projects/JacksonDatabind/lib/com/fasterxml/jackson/core/jackson-core/2.4.3/jackson-core-2.4.3.jar
  - /home/user/defects4j/framework/projects/JacksonDatabind/lib/com/fasterxml/jackson/core/jackson-core/2.4.5/jackson-core-2.4.5.jar
  - /home/user/defects4j/framework/projects/JacksonDatabind/lib/com/fasterxml/jackson/core/jackson-core/2.4.6/jackson-core-2.4.6.jar
  - /home/user/defects4j/framework/projects/JacksonDatabind/lib/com/fasterxml/jackson/core/jackson-core/2.5.0/jackson-core-2.5.0.jar
  - /home/user/defects4j/framework/projects/JacksonDatabind/lib/com/fasterxml/jackson/core/jackson-core/2.5.1/jackson-core-2.5.1.jar
  - /home/user/defects4j/framework/projects/JacksonDatabind/lib/com/fasterxml/jackson/core/jackson-core/2.5.3/jackson-core-2.5.3.jar
  - /home/user/defects4j/framework/projects/JacksonDatabind/lib/com/fasterxml/jackson/core/jackson-core/2.5.4/jackson-core-2.5.4.jar
  - /home/user/defects4j/framework/projects/JacksonDatabind/lib/com/fasterxml/jackson/core/jackson-core/2.5.5/jackson-core-2.5.5.jar
  - /home/user/defects4j/framework/projects/JacksonDatabind/lib/com/fasterxml/jackson/core/jackson-core/2.6.0-rc1/jackson-core-2.6.0-rc1.jar
  - /home/user/defects4j/framework/projects/JacksonDatabind/lib/com/fasterxml/jackson/core/jackson-core/2.6.0-rc2/jackson-core-2.6.0-rc2.jar
  - /home/user/defects4j/framework/projects/JacksonDatabind/lib/com/fasterxml/jackson/core/jackson-core/2.6.0-rc3/jackson-core-2.6.0-rc3.jar
  - /home/user/defects4j/framework/projects/JacksonDatabind/lib/com/fasterxml/jackson/core/jackson-core/2.6.0/jackson-core-2.6.0.jar
  - /home/user/defects4j/framework/projects/JacksonDatabind/lib/com/fasterxml/jackson/core/jackson-core/2.6.1/jackson-core-2.6.1.jar
  - /home/user/defects4j/framework/projects/JacksonDatabind/lib/com/fasterxml/jackson/core/jackson-core/2.6.2/jackson-core-2.6.2.jar
  - /home/user/defects4j/framework/projects/JacksonDatabind/lib/com/fasterxml/jackson/core/jackson-core/2.6.4/jackson-core-2.6.4.jar
  - /home/user/defects4j/framework/projects/JacksonDatabind/lib/com/fasterxml/jackson/core/jackson-core/2.6.5/jackson-core-2.6.5.jar
  - /home/user/defects4j/framework/projects/JacksonDatabind/lib/com/fasterxml/jackson/core/jackson-core/2.6.6/jackson-core-2.6.6.jar
  - /home/user/defects4j/framework/projects/JacksonDatabind/lib/com/fasterxml/jackson/core/jackson-core/2.6.7/jackson-core-2.6.7.jar
  - /home/user/defects4j/framework/projects/JacksonDatabind/lib/com/fasterxml/jackson/core/jackson-core/2.7.0-rc2/jackson-core-2.7.0-rc2.jar
  - /home/user/defects4j/framework/projects/JacksonDatabind/lib/com/fasterxml/jackson/core/jackson-core/2.7.0/jackson-core-2.7.0.jar
  - /home/user/defects4j/framework/projects/JacksonDatabind/lib/com/fasterxml/jackson/core/jackson-core/2.7.1/jackson-core-2.7.1.jar
  - /home/user/defects4j/framework/projects/JacksonDatabind/lib/com/fasterxml/jackson/core/jackson-core/2.7.2/jackson-core-2.7.2.jar
  - /home/user/defects4j/framework/projects/JacksonDatabind/lib/com/fasterxml/jackson/core/jackson-core/2.7.4/jackson-core-2.7.4.jar
  - /home/user/defects4j/framework/projects/JacksonDatabind/lib/com/fasterxml/jackson/core/jackson-core/2.7.5/jackson-core-2.7.5.jar
  - /home/user/defects4j/framework/projects/JacksonDatabind/lib/com/fasterxml/jackson/core/jackson-core/2.7.6/jackson-core-2.7.6.jar
  - /home/user/defects4j/framework/projects/JacksonDatabind/lib/com/fasterxml/jackson/core/jackson-core/2.7.7/jackson-core-2.7.7.jar
  - /home/user/defects4j/framework/projects/JacksonDatabind/lib/com/fasterxml/jackson/core/jackson-core/2.7.8/jackson-core-2.7.8.jar
  - /home/user/defects4j/framework/projects/JacksonDatabind/lib/com/fasterxml/jackson/core/jackson-core/2.7.9/jackson-core-2.7.9.jar
  - /home/user/defects4j/framework/projects/JacksonDatabind/lib/com/fasterxml/jackson/core/jackson-core/2.8.0.rc1/jackson-core-2.8.0.rc1.jar
  - /home/user/defects4j/framework/projects/JacksonDatabind/lib/com/fasterxml/jackson/core/jackson-core/2.8.0.rc2/jackson-core-2.8.0.rc2.jar
  - /home/user/defects4j/framework/projects/JacksonDatabind/lib/com/fasterxml/jackson/core/jackson-core/2.8.0/jackson-core-2.8.0.jar
  - /home/user/defects4j/framework/projects/JacksonDatabind/lib/com/fasterxml/jackson/core/jackson-core/2.8.10/jackson-core-2.8.10.jar
  - /home/user/defects4j/framework/projects/JacksonDatabind/lib/com/fasterxml/jackson/core/jackson-core/2.8.3/jackson-core-2.8.3.jar
  - /home/user/defects4j/framework/projects/JacksonDatabind/lib/com/fasterxml/jackson/core/jackson-core/2.8.4/jackson-core-2.8.4.jar
  - /home/user/defects4j/framework/projects/JacksonDatabind/lib/com/fasterxml/jackson/core/jackson-core/2.8.5/jackson-core-2.8.5.jar
  - /home/user/defects4j/framework/projects/JacksonDatabind/lib/com/fasterxml/jackson/core/jackson-core/2.8.6/jackson-core-2.8.6.jar
  - /home/user/defects4j/framework/projects/JacksonDatabind/lib/com/fasterxml/jackson/core/jackson-core/2.8.7/jackson-core-2.8.7.jar
  - /home/user/defects4j/framework/projects/JacksonDatabind/lib/com/fasterxml/jackson/core/jackson-core/2.8.8-SNAPSHOT/jackson-core-2.8.8-20170301.000803-1.jar
  - /home/user/defects4j/framework/projects/JacksonDatabind/lib/com/fasterxml/jackson/core/jackson-core/2.8.8/jackson-core-2.8.8.jar
  - /home/user/defects4j/framework/projects/JacksonDatabind/lib/com/fasterxml/jackson/core/jackson-core/2.8.9/jackson-core-2.8.9.jar
  - /home/user/defects4j/framework/projects/JacksonDatabind/lib/com/fasterxml/jackson/core/jackson-core/2.9.0.pr3/jackson-core-2.9.0.pr3.jar
  - /home/user/defects4j/framework/projects/JacksonDatabind/lib/com/fasterxml/jackson/core/jackson-core/2.9.6/jackson-core-2.9.6.jar
  - /home/user/defects4j/framework/projects/JacksonDatabind/lib/com/fasterxml/jackson/core/jackson-core/2.9.7/jackson-core-2.9.7.jar
  - /home/user/defects4j/framework/projects/JacksonDatabind/lib/com/fasterxml/jackson/core/jackson-core/2.9.8/jackson-core-2.9.8.jar
  - /home/user/defects4j/framework/projects/JacksonDatabind/lib/com/fasterxml/jackson/core/jackson-core/2.9.9/jackson-core-2.9.9.jar
  - /home/user/defects4j/framework/projects/JacksonDatabind/lib/com/fasterxml/jackson/core/jackson-core/3.0.0-SNAPSHOT/jackson-core-3.0.0-20190516.032312-448.jar
  - /home/user/defects4j/framework/projects/JacksonDatabind/lib/com/google/jimfs/jimfs/1.1/jimfs-1.1.jar
  - /home/user/defects4j/framework/projects/JacksonDatabind/lib/javax/measure/jsr-275/0.9.1/jsr-275-0.9.1.jar
  - /home/user/defects4j/framework/projects/JacksonDatabind/lib/junit/junit/4.10/junit-4.10.jar
  - /home/user/defects4j/framework/projects/JacksonDatabind/lib/junit/junit/4.12/junit-4.12.jar
  - /home/user/defects4j/framework/projects/JacksonDatabind/lib/junit/junit/4.8.2/junit-4.8.2.jar
  - /home/user/defects4j/framework/projects/JacksonDatabind/lib/net/bytebuddy/byte-buddy-agent/1.7.5/byte-buddy-agent-1.7.5.jar
  - /home/user/defects4j/framework/projects/JacksonDatabind/lib/net/bytebuddy/byte-buddy-agent/1.9.3/byte-buddy-agent-1.9.3.jar
  - /home/user/defects4j/framework/projects/JacksonDatabind/lib/net/bytebuddy/byte-buddy/1.7.5/byte-buddy-1.7.5.jar
  - /home/user/defects4j/framework/projects/JacksonDatabind/lib/net/bytebuddy/byte-buddy/1.9.3/byte-buddy-1.9.3.jar
  - /home/user/defects4j/framework/projects/JacksonDatabind/lib/org/assertj/assertj-core/3.8.0/assertj-core-3.8.0.jar
  - /home/user/defects4j/framework/projects/JacksonDatabind/lib/org/assertj/assertj-core/3.9.1/assertj-core-3.9.1.jar
  - /home/user/defects4j/framework/projects/JacksonDatabind/lib/org/codehaus/groovy/groovy/1.7.9/groovy-1.7.9.jar
  - /home/user/defects4j/framework/projects/JacksonDatabind/lib/org/codehaus/groovy/groovy/2.4.0/groovy-2.4.0.jar
  - /home/user/defects4j/framework/projects/JacksonDatabind/lib/org/hamcrest/hamcrest-core/1.1/hamcrest-core-1.1.jar
  - /home/user/defects4j/framework/projects/JacksonDatabind/lib/org/hibernate/hibernate-cglib-repack/2.1_3/hibernate-cglib-repack-2.1_3.jar
  - /home/user/defects4j/framework/projects/JacksonDatabind/lib/org/javassist/javassist/3.20.0-GA/javassist-3.20.0-GA.jar
  - /home/user/defects4j/framework/projects/JacksonDatabind/lib/org/javassist/javassist/3.21.0-GA/javassist-3.21.0-GA.jar
  - /home/user/defects4j/framework/projects/JacksonDatabind/lib/org/javassist/javassist/3.22.0-CR2/javassist-3.22.0-CR2.jar
  - /home/user/defects4j/framework/projects/JacksonDatabind/lib/org/javassist/javassist/3.24.0-GA/javassist-3.24.0-GA.jar
  - /home/user/defects4j/framework/projects/JacksonDatabind/lib/org/mockito/mockito-core/1.10.19/mockito-core-1.10.19.jar
  - /home/user/defects4j/framework/projects/JacksonDatabind/lib/org/mockito/mockito-core/2.10.0/mockito-core-2.10.0.jar
  - /home/user/defects4j/framework/projects/JacksonDatabind/lib/org/mockito/mockito-core/2.23.0/mockito-core-2.23.0.jar
  - /home/user/defects4j/framework/projects/JacksonDatabind/lib/org/objenesis/objenesis/2.6/objenesis-2.6.jar
  - /home/user/defects4j/framework/projects/JacksonDatabind/lib/org/objenesis/objenesis/3.0.1/objenesis-3.0.1.jar
  - /home/user/defects4j/framework/projects/JacksonDatabind/lib/org/ow2/asm/asm/4.2/asm-4.2.jar
  - /home/user/defects4j/framework/projects/JacksonDatabind/lib/org/powermock/powermock-api-mockito-common/1.6.5/powermock-api-mockito-common-1.6.5.jar
  - /home/user/defects4j/framework/projects/JacksonDatabind/lib/org/powermock/powermock-api-mockito-common/1.7.3/powermock-api-mockito-common-1.7.3.jar
  - /home/user/defects4j/framework/projects/JacksonDatabind/lib/org/powermock/powermock-api-mockito-common/1.7.4/powermock-api-mockito-common-1.7.4.jar
  - /home/user/defects4j/framework/projects/JacksonDatabind/lib/org/powermock/powermock-api-mockito/1.6.3/powermock-api-mockito-1.6.3.jar
  - /home/user/defects4j/framework/projects/JacksonDatabind/lib/org/powermock/powermock-api-mockito/1.6.5/powermock-api-mockito-1.6.5.jar
  - /home/user/defects4j/framework/projects/JacksonDatabind/lib/org/powermock/powermock-api-mockito/1.7.3/powermock-api-mockito-1.7.3.jar
  - /home/user/defects4j/framework/projects/JacksonDatabind/lib/org/powermock/powermock-api-mockito/1.7.4/powermock-api-mockito-1.7.4.jar
  - /home/user/defects4j/framework/projects/JacksonDatabind/lib/org/powermock/powermock-api-mockito2/2.0.0-beta.5/powermock-api-mockito2-2.0.0-beta.5.jar
  - /home/user/defects4j/framework/projects/JacksonDatabind/lib/org/powermock/powermock-api-mockito2/2.0.0/powermock-api-mockito2-2.0.0.jar
  - /home/user/defects4j/framework/projects/JacksonDatabind/lib/org/powermock/powermock-api-support/1.6.3/powermock-api-support-1.6.3.jar
  - /home/user/defects4j/framework/projects/JacksonDatabind/lib/org/powermock/powermock-api-support/1.6.5/powermock-api-support-1.6.5.jar
  - /home/user/defects4j/framework/projects/JacksonDatabind/lib/org/powermock/powermock-api-support/1.7.3/powermock-api-support-1.7.3.jar
  - /home/user/defects4j/framework/projects/JacksonDatabind/lib/org/powermock/powermock-api-support/1.7.4/powermock-api-support-1.7.4.jar
  - /home/user/defects4j/framework/projects/JacksonDatabind/lib/org/powermock/powermock-api-support/2.0.0-beta.5/powermock-api-support-2.0.0-beta.5.jar
  - /home/user/defects4j/framework/projects/JacksonDatabind/lib/org/powermock/powermock-api-support/2.0.0/powermock-api-support-2.0.0.jar
  - /home/user/defects4j/framework/projects/JacksonDatabind/lib/org/powermock/powermock-core/1.6.3/powermock-core-1.6.3.jar
  - /home/user/defects4j/framework/projects/JacksonDatabind/lib/org/powermock/powermock-core/1.6.5/powermock-core-1.6.5.jar
  - /home/user/defects4j/framework/projects/JacksonDatabind/lib/org/powermock/powermock-core/1.7.3/powermock-core-1.7.3.jar
  - /home/user/defects4j/framework/projects/JacksonDatabind/lib/org/powermock/powermock-core/1.7.4/powermock-core-1.7.4.jar
  - /home/user/defects4j/framework/projects/JacksonDatabind/lib/org/powermock/powermock-core/2.0.0-beta.5/powermock-core-2.0.0-beta.5.jar
  - /home/user/defects4j/framework/projects/JacksonDatabind/lib/org/powermock/powermock-core/2.0.0/powermock-core-2.0.0.jar
  - /home/user/defects4j/framework/projects/JacksonDatabind/lib/org/powermock/powermock-module-junit4-common/1.6.3/powermock-module-junit4-common-1.6.3.jar
  - /home/user/defects4j/framework/projects/JacksonDatabind/lib/org/powermock/powermock-module-junit4-common/1.6.5/powermock-module-junit4-common-1.6.5.jar
  - /home/user/defects4j/framework/projects/JacksonDatabind/lib/org/powermock/powermock-module-junit4-common/1.7.3/powermock-module-junit4-common-1.7.3.jar
  - /home/user/defects4j/framework/projects/JacksonDatabind/lib/org/powermock/powermock-module-junit4-common/1.7.4/powermock-module-junit4-common-1.7.4.jar
  - /home/user/defects4j/framework/projects/JacksonDatabind/lib/org/powermock/powermock-module-junit4-common/2.0.0-beta.5/powermock-module-junit4-common-2.0.0-beta.5.jar
  - /home/user/defects4j/framework/projects/JacksonDatabind/lib/org/powermock/powermock-module-junit4-common/2.0.0/powermock-module-junit4-common-2.0.0.jar
  - /home/user/defects4j/framework/projects/JacksonDatabind/lib/org/powermock/powermock-module-junit4/1.6.3/powermock-module-junit4-1.6.3.jar
  - /home/user/defects4j/framework/projects/JacksonDatabind/lib/org/powermock/powermock-module-junit4/1.6.5/powermock-module-junit4-1.6.5.jar
  - /home/user/defects4j/framework/projects/JacksonDatabind/lib/org/powermock/powermock-module-junit4/1.7.3/powermock-module-junit4-1.7.3.jar
  - /home/user/defects4j/framework/projects/JacksonDatabind/lib/org/powermock/powermock-module-junit4/1.7.4/powermock-module-junit4-1.7.4.jar
  - /home/user/defects4j/framework/projects/JacksonDatabind/lib/org/powermock/powermock-module-junit4/2.0.0-beta.5/powermock-module-junit4-2.0.0-beta.5.jar
  - /home/user/defects4j/framework/projects/JacksonDatabind/lib/org/powermock/powermock-module-junit4/2.0.0/powermock-module-junit4-2.0.0.jar
  - /home/user/defects4j/framework/projects/JacksonDatabind/lib/org/powermock/powermock-reflect/1.6.3/powermock-reflect-1.6.3.jar
  - /home/user/defects4j/framework/projects/JacksonDatabind/lib/org/powermock/powermock-reflect/1.6.5/powermock-reflect-1.6.5.jar
  - /home/user/defects4j/framework/projects/JacksonDatabind/lib/org/powermock/powermock-reflect/1.7.3/powermock-reflect-1.7.3.jar
  - /home/user/defects4j/framework/projects/JacksonDatabind/lib/org/powermock/powermock-reflect/1.7.4/powermock-reflect-1.7.4.jar
  - /home/user/defects4j/framework/projects/JacksonDatabind/lib/org/powermock/powermock-reflect/2.0.0-beta.5/powermock-reflect-2.0.0-beta.5.jar
  - /home/user/defects4j/framework/projects/JacksonDatabind/lib/org/powermock/powermock-reflect/2.0.0/powermock-reflect-2.0.0.jar
  - /home/user/d4j-workspace/JacksonDatabind-32b/target/classes
  - /home/user/d4j-workspace/JacksonDatabind-32b/target/test-classes
[MASTER] 23:05:46.910 [logback-1] WARN  InheritanceTree - Class not in inheritance graph: java.io.ObjectInputFilter
[MASTER] 23:05:46.933 [logback-2] ERROR ConcreteClassAnalyzer - Problem for com.fasterxml.jackson.databind.deser.std.UntypedObjectDeserializer. Class not found: jdk.Exported
[MASTER] 23:05:46.933 [logback-2] ERROR ConcreteClassAnalyzer - Removing class from inheritance tree
[MASTER] 23:05:46.942 [logback-2] ERROR ConcreteClassAnalyzer - Problem for com.fasterxml.jackson.databind.deser.std.UntypedObjectDeserializer. Class not found: javax.jws.WebService
[MASTER] 23:05:46.942 [logback-2] ERROR ConcreteClassAnalyzer - Removing class from inheritance tree
[MASTER] 23:05:46.945 [logback-2] ERROR ConcreteClassAnalyzer - Problem for com.fasterxml.jackson.databind.deser.std.UntypedObjectDeserializer. Class not found: javax.jws.HandlerChain
[MASTER] 23:05:46.945 [logback-2] ERROR ConcreteClassAnalyzer - Removing class from inheritance tree
[MASTER] 23:05:46.946 [logback-2] ERROR ConcreteClassAnalyzer - Problem for com.fasterxml.jackson.databind.deser.std.UntypedObjectDeserializer. Class not found: javax.jws.WebResult
[MASTER] 23:05:46.946 [logback-2] ERROR ConcreteClassAnalyzer - Removing class from inheritance tree
[MASTER] 23:05:46.947 [logback-2] ERROR ConcreteClassAnalyzer - Problem for com.fasterxml.jackson.databind.deser.std.UntypedObjectDeserializer. Class not found: javax.jws.WebParam
[MASTER] 23:05:46.947 [logback-2] ERROR ConcreteClassAnalyzer - Removing class from inheritance tree
[MASTER] 23:05:46.953 [logback-2] ERROR ConcreteClassAnalyzer - Problem for com.fasterxml.jackson.databind.deser.std.UntypedObjectDeserializer. Class not found: javax.jws.WebMethod
[MASTER] 23:05:46.953 [logback-2] ERROR ConcreteClassAnalyzer - Removing class from inheritance tree
[MASTER] 23:05:46.955 [logback-2] ERROR ConcreteClassAnalyzer - Problem for com.fasterxml.jackson.databind.deser.std.UntypedObjectDeserializer. Class not found: javax.jws.Oneway
[MASTER] 23:05:46.955 [logback-2] ERROR ConcreteClassAnalyzer - Removing class from inheritance tree
[MASTER] 23:05:46.982 [logback-2] ERROR ConcreteClassAnalyzer - Problem for com.fasterxml.jackson.databind.deser.std.UntypedObjectDeserializer. Class not found: javax.jws.soap.InitParam
[MASTER] 23:05:46.982 [logback-2] ERROR ConcreteClassAnalyzer - Removing class from inheritance tree
[MASTER] 23:05:46.984 [logback-2] ERROR ConcreteClassAnalyzer - Problem for com.fasterxml.jackson.databind.deser.std.UntypedObjectDeserializer. Class not found: javax.jws.soap.SOAPBinding
[MASTER] 23:05:46.984 [logback-2] ERROR ConcreteClassAnalyzer - Removing class from inheritance tree
[MASTER] 23:05:47.001 [logback-2] ERROR ConcreteClassAnalyzer - Problem for com.fasterxml.jackson.databind.deser.std.UntypedObjectDeserializer. Class not found: javax.jws.soap.SOAPMessageHandler
[MASTER] 23:05:47.001 [logback-2] ERROR ConcreteClassAnalyzer - Removing class from inheritance tree
[MASTER] 23:05:47.001 [logback-2] ERROR ConcreteClassAnalyzer - Problem for com.fasterxml.jackson.databind.deser.std.UntypedObjectDeserializer. Class not found: javax.jws.soap.SOAPMessageHandlers
[MASTER] 23:05:47.001 [logback-2] ERROR ConcreteClassAnalyzer - Removing class from inheritance tree
[MASTER] 23:05:47.041 [logback-2] ERROR ConcreteClassAnalyzer - Problem for com.fasterxml.jackson.databind.deser.std.UntypedObjectDeserializer. Class not found: jdk.Exported
[MASTER] 23:05:47.041 [logback-2] ERROR ConcreteClassAnalyzer - Removing class from inheritance tree
[MASTER] 23:05:47.041 [logback-2] ERROR ConcreteClassAnalyzer - Problem for com.fasterxml.jackson.databind.deser.std.UntypedObjectDeserializer. Class not found: javax.jws.WebService
[MASTER] 23:05:47.041 [logback-2] ERROR ConcreteClassAnalyzer - Removing class from inheritance tree
[MASTER] 23:05:47.041 [logback-2] ERROR ConcreteClassAnalyzer - Problem for com.fasterxml.jackson.databind.deser.std.UntypedObjectDeserializer. Class not found: javax.jws.HandlerChain
[MASTER] 23:05:47.041 [logback-2] ERROR ConcreteClassAnalyzer - Removing class from inheritance tree
[MASTER] 23:05:47.042 [logback-2] ERROR ConcreteClassAnalyzer - Problem for com.fasterxml.jackson.databind.deser.std.UntypedObjectDeserializer. Class not found: javax.jws.WebResult
[MASTER] 23:05:47.042 [logback-2] ERROR ConcreteClassAnalyzer - Removing class from inheritance tree
[MASTER] 23:05:47.042 [logback-2] ERROR ConcreteClassAnalyzer - Problem for com.fasterxml.jackson.databind.deser.std.UntypedObjectDeserializer. Class not found: javax.jws.WebParam
[MASTER] 23:05:47.042 [logback-2] ERROR ConcreteClassAnalyzer - Removing class from inheritance tree
[MASTER] 23:05:47.042 [logback-2] ERROR ConcreteClassAnalyzer - Problem for com.fasterxml.jackson.databind.deser.std.UntypedObjectDeserializer. Class not found: javax.jws.WebMethod
[MASTER] 23:05:47.042 [logback-2] ERROR ConcreteClassAnalyzer - Removing class from inheritance tree
[MASTER] 23:05:47.042 [logback-2] ERROR ConcreteClassAnalyzer - Problem for com.fasterxml.jackson.databind.deser.std.UntypedObjectDeserializer. Class not found: javax.jws.Oneway
[MASTER] 23:05:47.042 [logback-2] ERROR ConcreteClassAnalyzer - Removing class from inheritance tree
[MASTER] 23:05:47.042 [logback-2] ERROR ConcreteClassAnalyzer - Problem for com.fasterxml.jackson.databind.deser.std.UntypedObjectDeserializer. Class not found: javax.jws.soap.InitParam
[MASTER] 23:05:47.042 [logback-2] ERROR ConcreteClassAnalyzer - Removing class from inheritance tree
[MASTER] 23:05:47.042 [logback-2] ERROR ConcreteClassAnalyzer - Problem for com.fasterxml.jackson.databind.deser.std.UntypedObjectDeserializer. Class not found: javax.jws.soap.SOAPBinding
[MASTER] 23:05:47.042 [logback-2] ERROR ConcreteClassAnalyzer - Removing class from inheritance tree
[MASTER] 23:05:47.043 [logback-2] ERROR ConcreteClassAnalyzer - Problem for com.fasterxml.jackson.databind.deser.std.UntypedObjectDeserializer. Class not found: javax.jws.soap.SOAPMessageHandler
[MASTER] 23:05:47.043 [logback-2] ERROR ConcreteClassAnalyzer - Removing class from inheritance tree
[MASTER] 23:05:47.043 [logback-2] ERROR ConcreteClassAnalyzer - Problem for com.fasterxml.jackson.databind.deser.std.UntypedObjectDeserializer. Class not found: javax.jws.soap.SOAPMessageHandlers
[MASTER] 23:05:47.044 [logback-2] ERROR ConcreteClassAnalyzer - Removing class from inheritance tree
[MASTER] 23:05:47.045 [logback-2] ERROR ConcreteClassAnalyzer - Problem for com.fasterxml.jackson.databind.deser.std.UntypedObjectDeserializer. Class not found: jdk.Exported
[MASTER] 23:05:47.045 [logback-2] ERROR ConcreteClassAnalyzer - Removing class from inheritance tree
[MASTER] 23:05:47.046 [logback-2] ERROR ConcreteClassAnalyzer - Problem for com.fasterxml.jackson.databind.deser.std.UntypedObjectDeserializer. Class not found: javax.jws.WebService
[MASTER] 23:05:47.046 [logback-2] ERROR ConcreteClassAnalyzer - Removing class from inheritance tree
[MASTER] 23:05:47.046 [logback-2] ERROR ConcreteClassAnalyzer - Problem for com.fasterxml.jackson.databind.deser.std.UntypedObjectDeserializer. Class not found: javax.jws.HandlerChain
[MASTER] 23:05:47.046 [logback-2] ERROR ConcreteClassAnalyzer - Removing class from inheritance tree
[MASTER] 23:05:47.046 [logback-2] ERROR ConcreteClassAnalyzer - Problem for com.fasterxml.jackson.databind.deser.std.UntypedObjectDeserializer. Class not found: javax.jws.WebResult
[MASTER] 23:05:47.046 [logback-2] ERROR ConcreteClassAnalyzer - Removing class from inheritance tree
[MASTER] 23:05:47.046 [logback-2] ERROR ConcreteClassAnalyzer - Problem for com.fasterxml.jackson.databind.deser.std.UntypedObjectDeserializer. Class not found: javax.jws.WebParam
[MASTER] 23:05:47.046 [logback-2] ERROR ConcreteClassAnalyzer - Removing class from inheritance tree
[MASTER] 23:05:47.046 [logback-2] ERROR ConcreteClassAnalyzer - Problem for com.fasterxml.jackson.databind.deser.std.UntypedObjectDeserializer. Class not found: javax.jws.WebMethod
[MASTER] 23:05:47.046 [logback-2] ERROR ConcreteClassAnalyzer - Removing class from inheritance tree
[MASTER] 23:05:47.046 [logback-2] ERROR ConcreteClassAnalyzer - Problem for com.fasterxml.jackson.databind.deser.std.UntypedObjectDeserializer. Class not found: javax.jws.Oneway
[MASTER] 23:05:47.046 [logback-2] ERROR ConcreteClassAnalyzer - Removing class from inheritance tree
[MASTER] 23:05:47.046 [logback-2] ERROR ConcreteClassAnalyzer - Problem for com.fasterxml.jackson.databind.deser.std.UntypedObjectDeserializer. Class not found: javax.jws.soap.InitParam
[MASTER] 23:05:47.046 [logback-2] ERROR ConcreteClassAnalyzer - Removing class from inheritance tree
[MASTER] 23:05:47.046 [logback-2] ERROR ConcreteClassAnalyzer - Problem for com.fasterxml.jackson.databind.deser.std.UntypedObjectDeserializer. Class not found: javax.jws.soap.SOAPBinding
[MASTER] 23:05:47.046 [logback-2] ERROR ConcreteClassAnalyzer - Removing class from inheritance tree
[MASTER] 23:05:47.047 [logback-2] ERROR ConcreteClassAnalyzer - Problem for com.fasterxml.jackson.databind.deser.std.UntypedObjectDeserializer. Class not found: javax.jws.soap.SOAPMessageHandler
[MASTER] 23:05:47.047 [logback-2] ERROR ConcreteClassAnalyzer - Removing class from inheritance tree
[MASTER] 23:05:47.047 [logback-2] ERROR ConcreteClassAnalyzer - Problem for com.fasterxml.jackson.databind.deser.std.UntypedObjectDeserializer. Class not found: javax.jws.soap.SOAPMessageHandlers
[MASTER] 23:05:47.047 [logback-2] ERROR ConcreteClassAnalyzer - Removing class from inheritance tree
[MASTER] 23:05:47.076 [logback-2] ERROR ConcreteClassAnalyzer - Problem for com.fasterxml.jackson.databind.deser.std.UntypedObjectDeserializer. Class not found: jdk.Exported
[MASTER] 23:05:47.076 [logback-2] ERROR ConcreteClassAnalyzer - Removing class from inheritance tree
[MASTER] 23:05:47.076 [logback-2] ERROR ConcreteClassAnalyzer - Problem for com.fasterxml.jackson.databind.deser.std.UntypedObjectDeserializer. Class not found: javax.jws.WebService
[MASTER] 23:05:47.076 [logback-2] ERROR ConcreteClassAnalyzer - Removing class from inheritance tree
[MASTER] 23:05:47.076 [logback-2] ERROR ConcreteClassAnalyzer - Problem for com.fasterxml.jackson.databind.deser.std.UntypedObjectDeserializer. Class not found: javax.jws.HandlerChain
[MASTER] 23:05:47.076 [logback-2] ERROR ConcreteClassAnalyzer - Removing class from inheritance tree
[MASTER] 23:05:47.077 [logback-2] ERROR ConcreteClassAnalyzer - Problem for com.fasterxml.jackson.databind.deser.std.UntypedObjectDeserializer. Class not found: javax.jws.WebResult
[MASTER] 23:05:47.077 [logback-2] ERROR ConcreteClassAnalyzer - Removing class from inheritance tree
[MASTER] 23:05:47.077 [logback-2] ERROR ConcreteClassAnalyzer - Problem for com.fasterxml.jackson.databind.deser.std.UntypedObjectDeserializer. Class not found: javax.jws.WebParam
[MASTER] 23:05:47.077 [logback-2] ERROR ConcreteClassAnalyzer - Removing class from inheritance tree
[MASTER] 23:05:47.077 [logback-2] ERROR ConcreteClassAnalyzer - Problem for com.fasterxml.jackson.databind.deser.std.UntypedObjectDeserializer. Class not found: javax.jws.WebMethod
[MASTER] 23:05:47.077 [logback-2] ERROR ConcreteClassAnalyzer - Removing class from inheritance tree
[MASTER] 23:05:47.078 [logback-2] ERROR ConcreteClassAnalyzer - Problem for com.fasterxml.jackson.databind.deser.std.UntypedObjectDeserializer. Class not found: javax.jws.Oneway
[MASTER] 23:05:47.078 [logback-2] ERROR ConcreteClassAnalyzer - Removing class from inheritance tree
[MASTER] 23:05:47.078 [logback-2] ERROR ConcreteClassAnalyzer - Problem for com.fasterxml.jackson.databind.deser.std.UntypedObjectDeserializer. Class not found: javax.jws.soap.InitParam
[MASTER] 23:05:47.078 [logback-2] ERROR ConcreteClassAnalyzer - Removing class from inheritance tree
[MASTER] 23:05:47.078 [logback-2] ERROR ConcreteClassAnalyzer - Problem for com.fasterxml.jackson.databind.deser.std.UntypedObjectDeserializer. Class not found: javax.jws.soap.SOAPBinding
[MASTER] 23:05:47.078 [logback-2] ERROR ConcreteClassAnalyzer - Removing class from inheritance tree
[MASTER] 23:05:47.079 [logback-2] ERROR ConcreteClassAnalyzer - Problem for com.fasterxml.jackson.databind.deser.std.UntypedObjectDeserializer. Class not found: javax.jws.soap.SOAPMessageHandler
[MASTER] 23:05:47.079 [logback-2] ERROR ConcreteClassAnalyzer - Removing class from inheritance tree
[MASTER] 23:05:47.080 [logback-2] ERROR ConcreteClassAnalyzer - Problem for com.fasterxml.jackson.databind.deser.std.UntypedObjectDeserializer. Class not found: javax.jws.soap.SOAPMessageHandlers
[MASTER] 23:05:47.080 [logback-2] ERROR ConcreteClassAnalyzer - Removing class from inheritance tree
[MASTER] 23:05:47.081 [logback-2] ERROR ConcreteClassAnalyzer - Problem for com.fasterxml.jackson.databind.deser.std.UntypedObjectDeserializer. Class not found: jdk.Exported
[MASTER] 23:05:47.081 [logback-2] ERROR ConcreteClassAnalyzer - Removing class from inheritance tree
[MASTER] 23:05:47.081 [logback-2] ERROR ConcreteClassAnalyzer - Problem for com.fasterxml.jackson.databind.deser.std.UntypedObjectDeserializer. Class not found: javax.jws.WebService
[MASTER] 23:05:47.081 [logback-2] ERROR ConcreteClassAnalyzer - Removing class from inheritance tree
[MASTER] 23:05:47.082 [logback-2] ERROR ConcreteClassAnalyzer - Problem for com.fasterxml.jackson.databind.deser.std.UntypedObjectDeserializer. Class not found: javax.jws.HandlerChain
[MASTER] 23:05:47.082 [logback-2] ERROR ConcreteClassAnalyzer - Removing class from inheritance tree
[MASTER] 23:05:47.082 [logback-2] ERROR ConcreteClassAnalyzer - Problem for com.fasterxml.jackson.databind.deser.std.UntypedObjectDeserializer. Class not found: javax.jws.WebResult
[MASTER] 23:05:47.082 [logback-2] ERROR ConcreteClassAnalyzer - Removing class from inheritance tree
[MASTER] 23:05:47.082 [logback-2] ERROR ConcreteClassAnalyzer - Problem for com.fasterxml.jackson.databind.deser.std.UntypedObjectDeserializer. Class not found: javax.jws.WebParam
[MASTER] 23:05:47.082 [logback-2] ERROR ConcreteClassAnalyzer - Removing class from inheritance tree
[MASTER] 23:05:47.082 [logback-2] ERROR ConcreteClassAnalyzer - Problem for com.fasterxml.jackson.databind.deser.std.UntypedObjectDeserializer. Class not found: javax.jws.WebMethod
[MASTER] 23:05:47.082 [logback-2] ERROR ConcreteClassAnalyzer - Removing class from inheritance tree
[MASTER] 23:05:47.082 [logback-2] ERROR ConcreteClassAnalyzer - Problem for com.fasterxml.jackson.databind.deser.std.UntypedObjectDeserializer. Class not found: javax.jws.Oneway
[MASTER] 23:05:47.083 [logback-2] ERROR ConcreteClassAnalyzer - Removing class from inheritance tree
[MASTER] 23:05:47.083 [logback-2] ERROR ConcreteClassAnalyzer - Problem for com.fasterxml.jackson.databind.deser.std.UntypedObjectDeserializer. Class not found: javax.jws.soap.InitParam
[MASTER] 23:05:47.083 [logback-2] ERROR ConcreteClassAnalyzer - Removing class from inheritance tree
[MASTER] 23:05:47.084 [logback-2] ERROR ConcreteClassAnalyzer - Problem for com.fasterxml.jackson.databind.deser.std.UntypedObjectDeserializer. Class not found: javax.jws.soap.SOAPBinding
[MASTER] 23:05:47.084 [logback-2] ERROR ConcreteClassAnalyzer - Removing class from inheritance tree
[MASTER] 23:05:47.085 [logback-2] ERROR ConcreteClassAnalyzer - Problem for com.fasterxml.jackson.databind.deser.std.UntypedObjectDeserializer. Class not found: javax.jws.soap.SOAPMessageHandler
[MASTER] 23:05:47.085 [logback-2] ERROR ConcreteClassAnalyzer - Removing class from inheritance tree
[MASTER] 23:05:47.085 [logback-2] ERROR ConcreteClassAnalyzer - Problem for com.fasterxml.jackson.databind.deser.std.UntypedObjectDeserializer. Class not found: javax.jws.soap.SOAPMessageHandlers
[MASTER] 23:05:47.085 [logback-2] ERROR ConcreteClassAnalyzer - Removing class from inheritance tree
[MASTER] 23:05:47.098 [logback-2] ERROR ConcreteClassAnalyzer - Problem for com.fasterxml.jackson.databind.deser.std.UntypedObjectDeserializer. Class not found: jdk.Exported
[MASTER] 23:05:47.098 [logback-2] ERROR ConcreteClassAnalyzer - Removing class from inheritance tree
[MASTER] 23:05:47.098 [logback-2] ERROR ConcreteClassAnalyzer - Problem for com.fasterxml.jackson.databind.deser.std.UntypedObjectDeserializer. Class not found: javax.jws.WebService
[MASTER] 23:05:47.098 [logback-2] ERROR ConcreteClassAnalyzer - Removing class from inheritance tree
[MASTER] 23:05:47.098 [logback-2] ERROR ConcreteClassAnalyzer - Problem for com.fasterxml.jackson.databind.deser.std.UntypedObjectDeserializer. Class not found: javax.jws.HandlerChain
[MASTER] 23:05:47.098 [logback-2] ERROR ConcreteClassAnalyzer - Removing class from inheritance tree
[MASTER] 23:05:47.098 [logback-2] ERROR ConcreteClassAnalyzer - Problem for com.fasterxml.jackson.databind.deser.std.UntypedObjectDeserializer. Class not found: javax.jws.WebResult
[MASTER] 23:05:47.098 [logback-2] ERROR ConcreteClassAnalyzer - Removing class from inheritance tree
[MASTER] 23:05:47.099 [logback-2] ERROR ConcreteClassAnalyzer - Problem for com.fasterxml.jackson.databind.deser.std.UntypedObjectDeserializer. Class not found: javax.jws.WebParam
[MASTER] 23:05:47.099 [logback-2] ERROR ConcreteClassAnalyzer - Removing class from inheritance tree
[MASTER] 23:05:47.099 [logback-2] ERROR ConcreteClassAnalyzer - Problem for com.fasterxml.jackson.databind.deser.std.UntypedObjectDeserializer. Class not found: javax.jws.WebMethod
[MASTER] 23:05:47.099 [logback-2] ERROR ConcreteClassAnalyzer - Removing class from inheritance tree
[MASTER] 23:05:47.099 [logback-2] ERROR ConcreteClassAnalyzer - Problem for com.fasterxml.jackson.databind.deser.std.UntypedObjectDeserializer. Class not found: javax.jws.Oneway
[MASTER] 23:05:47.099 [logback-2] ERROR ConcreteClassAnalyzer - Removing class from inheritance tree
[MASTER] 23:05:47.099 [logback-2] ERROR ConcreteClassAnalyzer - Problem for com.fasterxml.jackson.databind.deser.std.UntypedObjectDeserializer. Class not found: javax.jws.soap.InitParam
[MASTER] 23:05:47.099 [logback-2] ERROR ConcreteClassAnalyzer - Removing class from inheritance tree
[MASTER] 23:05:47.099 [logback-2] ERROR ConcreteClassAnalyzer - Problem for com.fasterxml.jackson.databind.deser.std.UntypedObjectDeserializer. Class not found: javax.jws.soap.SOAPBinding
[MASTER] 23:05:47.099 [logback-2] ERROR ConcreteClassAnalyzer - Removing class from inheritance tree
[MASTER] 23:05:47.100 [logback-2] ERROR ConcreteClassAnalyzer - Problem for com.fasterxml.jackson.databind.deser.std.UntypedObjectDeserializer. Class not found: javax.jws.soap.SOAPMessageHandler
[MASTER] 23:05:47.100 [logback-2] ERROR ConcreteClassAnalyzer - Removing class from inheritance tree
[MASTER] 23:05:47.100 [logback-2] ERROR ConcreteClassAnalyzer - Problem for com.fasterxml.jackson.databind.deser.std.UntypedObjectDeserializer. Class not found: javax.jws.soap.SOAPMessageHandlers
[MASTER] 23:05:47.100 [logback-2] ERROR ConcreteClassAnalyzer - Removing class from inheritance tree
[MASTER] 23:05:47.207 [logback-1] WARN  InheritanceTree - Class not in inheritance graph: java.util.Locale$IsoCountryCode
[MASTER] 23:05:47.346 [logback-1] WARN  InheritanceTree - Class not in inheritance graph: java.lang.module.ModuleFinder
* Finished analyzing classpath
* Generating tests for class com.fasterxml.jackson.databind.deser.std.UntypedObjectDeserializer
* Test criteria:
  - Line Coverage
  - Branch Coverage
  - Exception
  - Mutation testing (weak)
  - Method-Output Coverage
  - Top-Level Method Coverage
  - No-Exception Top-Level Method Coverage
  - Context Branch Coverage
* Setting up search algorithm for whole suite generation
========== CUSTOM GWO INITIALIZED ==========
* Total number of test goals: 
  - Line 259
  - Branch 217
  - Exception 0
  - MutationFactory 362
  - Output 25
  - Method 20
  - MethodNoException 20
  - CBranchFitnessFactory 217
* Using seed 1789920343852
* Starting evolution
[Progress:>                             0%] [Cov:>                                  0%][MASTER] 23:05:47.599 [logback-1] WARN  TestCluster - Failed to check cache for java.util.LinkedList<E> : Type points to itself
[MASTER] 23:05:47.600 [logback-1] WARN  TestCluster - Failed to check cache for java.util.HashMap<K, V> : Type points to itself
[MASTER] 23:05:48.614 [logback-2] ERROR ConcreteClassAnalyzer - Problem for com.fasterxml.jackson.databind.deser.std.UntypedObjectDeserializer. Class not found: jdk.Exported
[MASTER] 23:05:48.614 [logback-2] ERROR ConcreteClassAnalyzer - Removing class from inheritance tree
[MASTER] 23:05:48.614 [logback-2] ERROR ConcreteClassAnalyzer - Problem for com.fasterxml.jackson.databind.deser.std.UntypedObjectDeserializer. Class not found: javax.jws.WebService
[MASTER] 23:05:48.614 [logback-2] ERROR ConcreteClassAnalyzer - Removing class from inheritance tree
[MASTER] 23:05:48.615 [logback-2] ERROR ConcreteClassAnalyzer - Problem for com.fasterxml.jackson.databind.deser.std.UntypedObjectDeserializer. Class not found: javax.jws.HandlerChain
[MASTER] 23:05:48.615 [logback-2] ERROR ConcreteClassAnalyzer - Removing class from inheritance tree
[MASTER] 23:05:48.615 [logback-2] ERROR ConcreteClassAnalyzer - Problem for com.fasterxml.jackson.databind.deser.std.UntypedObjectDeserializer. Class not found: javax.jws.WebResult
[MASTER] 23:05:48.616 [logback-2] ERROR ConcreteClassAnalyzer - Removing class from inheritance tree
[MASTER] 23:05:48.616 [logback-2] ERROR ConcreteClassAnalyzer - Problem for com.fasterxml.jackson.databind.deser.std.UntypedObjectDeserializer. Class not found: javax.jws.WebParam
[MASTER] 23:05:48.616 [logback-2] ERROR ConcreteClassAnalyzer - Removing class from inheritance tree
[MASTER] 23:05:48.617 [logback-2] ERROR ConcreteClassAnalyzer - Problem for com.fasterxml.jackson.databind.deser.std.UntypedObjectDeserializer. Class not found: javax.jws.WebMethod
[MASTER] 23:05:48.617 [logback-2] ERROR ConcreteClassAnalyzer - Removing class from inheritance tree
[MASTER] 23:05:48.618 [logback-2] ERROR ConcreteClassAnalyzer - Problem for com.fasterxml.jackson.databind.deser.std.UntypedObjectDeserializer. Class not found: javax.jws.Oneway
[MASTER] 23:05:48.618 [logback-2] ERROR ConcreteClassAnalyzer - Removing class from inheritance tree
[MASTER] 23:05:48.619 [logback-2] ERROR ConcreteClassAnalyzer - Problem for com.fasterxml.jackson.databind.deser.std.UntypedObjectDeserializer. Class not found: javax.jws.soap.InitParam
[MASTER] 23:05:48.619 [logback-2] ERROR ConcreteClassAnalyzer - Removing class from inheritance tree
[MASTER] 23:05:48.619 [logback-2] ERROR ConcreteClassAnalyzer - Problem for com.fasterxml.jackson.databind.deser.std.UntypedObjectDeserializer. Class not found: javax.jws.soap.SOAPBinding
[MASTER] 23:05:48.619 [logback-2] ERROR ConcreteClassAnalyzer - Removing class from inheritance tree
[MASTER] 23:05:48.620 [logback-2] ERROR ConcreteClassAnalyzer - Problem for com.fasterxml.jackson.databind.deser.std.UntypedObjectDeserializer. Class not found: javax.jws.soap.SOAPMessageHandler
[MASTER] 23:05:48.620 [logback-2] ERROR ConcreteClassAnalyzer - Removing class from inheritance tree
[MASTER] 23:05:48.620 [logback-2] ERROR ConcreteClassAnalyzer - Problem for com.fasterxml.jackson.databind.deser.std.UntypedObjectDeserializer. Class not found: javax.jws.soap.SOAPMessageHandlers
[MASTER] 23:05:48.620 [logback-2] ERROR ConcreteClassAnalyzer - Removing class from inheritance tree
* Computation finished
[MASTER] 23:05:48.622 [logback-2] ERROR ClientNodeImpl - Error when generating tests for: com.fasterxml.jackson.databind.deser.std.UntypedObjectDeserializer with seed 1789920343852. Configuration id : null
java.lang.NoClassDefFoundError: org/mockito/internal/creation/bytebuddy/MockMethodAdvice
	at java.base/java.lang.Class.getDeclaringClass0(Native Method)
	at java.base/java.lang.Class.getEnclosingClass(Class.java:1517)
	at org.evosuite.setup.TestUsageChecker.canUse(TestUsageChecker.java:168)
	at org.evosuite.setup.ConcreteClassAnalyzer.tryReflection(ConcreteClassAnalyzer.java:253)
	at org.evosuite.setup.ConcreteClassAnalyzer.handleAbstractClassOrInterface(ConcreteClassAnalyzer.java:205)
	at org.evosuite.setup.ConcreteClassAnalyzer.computeConcreteClasses(ConcreteClassAnalyzer.java:108)
	at org.evosuite.setup.ConcreteClassAnalyzer.lambda$getConcreteClasses$0(ConcreteClassAnalyzer.java:89)
	at java.base/java.util.HashMap.computeIfAbsent(HashMap.java:1134)
	at org.evosuite.setup.ConcreteClassAnalyzer.getConcreteClasses(ConcreteClassAnalyzer.java:89)
	at org.evosuite.seeding.CastClassManager.withConcreteClasses(CastClassManager.java:96)
	at java.base/java.util.stream.ReferencePipeline$3$1.accept(ReferencePipeline.java:195)
	at java.base/java.util.stream.ReferencePipeline$3$1.accept(ReferencePipeline.java:195)
	at java.base/java.util.Spliterators$ArraySpliterator.forEachRemaining(Spliterators.java:948)
	at java.base/java.util.stream.AbstractPipeline.copyInto(AbstractPipeline.java:484)
	at java.base/java.util.stream.AbstractPipeline.wrapAndCopyInto(AbstractPipeline.java:474)
	at java.base/java.util.stream.ReduceOps$ReduceOp.evaluateSequential(ReduceOps.java:913)
	at java.base/java.util.stream.AbstractPipeline.evaluate(AbstractPipeline.java:234)
	at java.base/java.util.stream.ReferencePipeline.collect(ReferencePipeline.java:578)
	at org.evosuite.seeding.CastClassManager.addAssignableClass(CastClassManager.java:556)
	at org.evosuite.seeding.CastClassManager.selectCastClass(CastClassManager.java:221)
	at org.evosuite.utils.generic.GenericClassImpl.getGenericTypeVariableInstantiation(GenericClassImpl.java:578)
	at org.evosuite.utils.generic.GenericClassImpl.getGenericInstantiation(GenericClassImpl.java:529)
	at org.evosuite.utils.generic.GenericClassImpl.getGenericInstantiation(GenericClassImpl.java:509)
	at org.evosuite.utils.generic.GenericAccessibleObject.getGenericInstantiation(GenericAccessibleObject.java:272)
	at org.evosuite.utils.generic.GenericMethod.getGenericInstantiation(GenericMethod.java:308)
	at org.evosuite.utils.generic.GenericMethod.getGenericInstantiation(GenericMethod.java:46)
	at org.evosuite.setup.TestCluster.getRandomCallFor(TestCluster.java:671)
	at org.evosuite.testcase.TestFactory.insertRandomCallOnObjectAt(TestFactory.java:2325)
	at org.evosuite.testcase.mutation.RandomInsertion.insertStatement(RandomInsertion.java:123)
	at org.evosuite.testcase.TestFactory.insertRandomStatement(TestFactory.java:2352)
	at org.evosuite.testcase.factories.RandomLengthTestFactory.getRandomTestCase(RandomLengthTestFactory.java:75)
	at org.evosuite.testcase.factories.RandomLengthTestFactory.getChromosome(RandomLengthTestFactory.java:94)
	at org.evosuite.testcase.factories.RandomLengthTestFactory.getChromosome(RandomLengthTestFactory.java:38)
	at org.evosuite.ga.archive.ArchiveTestChromosomeFactory.getChromosome(ArchiveTestChromosomeFactory.java:87)
	at org.evosuite.ga.archive.ArchiveTestChromosomeFactory.getChromosome(ArchiveTestChromosomeFactory.java:34)
	at org.evosuite.testsuite.factories.TestSuiteChromosomeFactory.getChromosome(TestSuiteChromosomeFactory.java:92)
	at org.evosuite.testsuite.factories.TestSuiteChromosomeFactory.getChromosome(TestSuiteChromosomeFactory.java:35)
	at org.evosuite.ga.metaheuristics.GeneticAlgorithm.getRandomPopulation(GeneticAlgorithm.java:403)
	at org.evosuite.ga.metaheuristics.GeneticAlgorithm.generateRandomPopulation(GeneticAlgorithm.java:394)
	at org.evosuite.ga.metaheuristics.GeneticAlgorithm.generateInitialPopulation(GeneticAlgorithm.java:343)
	at org.evosuite.ga.metaheuristics.GreyWolfAlgorithm.initializePopulation(GreyWolfAlgorithm.java:615)
	at org.evosuite.ga.metaheuristics.GreyWolfAlgorithm.generateSolution(GreyWolfAlgorithm.java:667)
	at org.evosuite.strategy.WholeTestSuiteStrategy.generateTests(WholeTestSuiteStrategy.java:108)
	at org.evosuite.TestSuiteGenerator.generateTests(TestSuiteGenerator.java:630)
	at org.evosuite.TestSuiteGenerator.generateTestSuite(TestSuiteGenerator.java:208)
	at org.evosuite.rmi.service.ClientNodeImpl.lambda$startNewSearch$0(ClientNodeImpl.java:140)
	at java.base/java.util.concurrent.Executors$RunnableAdapter.call(Executors.java:515)
	at java.base/java.util.concurrent.FutureTask.run(FutureTask.java:264)
	at java.base/java.util.concurrent.ThreadPoolExecutor.runWorker(ThreadPoolExecutor.java:1128)
	at java.base/java.util.concurrent.ThreadPoolExecutor$Worker.run(ThreadPoolExecutor.java:628)
	at java.base/java.lang.Thread.run(Thread.java:829)
[MASTER] 23:05:48.736 [main] ERROR SearchStatistics - No statistics has been saved because EvoSuite failed to generate any test case
[MASTER] 23:05:48.839 [main] ERROR TestGeneration - failed to write statistics data
