* EvoSuite 1.2.1-SNAPSHOT
* Going to generate test cases for class: com.fasterxml.jackson.databind.cfg.BaseSettings
* Starting Client-0
* Connecting to master process on port 7085
* Analyzing classpath: 
  - /home/user/d4j-workspace/JacksonDatabind-24b/target/classes
  - /home/user/defects4j/framework/projects/JacksonDatabind/lib/com/fasterxml/jackson/core/jackson-annotations/2.6.0/jackson-annotations-2.6.0.jar
  - /home/user/defects4j/framework/projects/JacksonDatabind/lib/com/fasterxml/jackson/core/jackson-core/2.6.0/jackson-core-2.6.0.jar
  - /home/user/defects4j/framework/projects/JacksonDatabind/lib/com/fasterxml/jackson/core/jackson-annotations/2.6.0/jackson-annotations-2.6.0.jar
  - /home/user/defects4j/framework/projects/JacksonDatabind/lib/com/fasterxml/jackson/core/jackson-core/2.6.0/jackson-core-2.6.0.jar
  - /home/user/defects4j/framework/projects/JacksonDatabind/lib/org/powermock/powermock-module-junit4/1.6.2/powermock-module-junit4-1.6.2.jar
  - /home/user/defects4j/framework/projects/JacksonDatabind/lib/org/powermock/powermock-module-junit4-common/1.6.2/powermock-module-junit4-common-1.6.2.jar
  - /home/user/defects4j/framework/projects/JacksonDatabind/lib/org/powermock/powermock-core/1.6.2/powermock-core-1.6.2.jar
  - /home/user/defects4j/framework/projects/JacksonDatabind/lib/org/javassist/javassist/3.19.0-GA/javassist-3.19.0-GA.jar
  - /home/user/defects4j/framework/projects/JacksonDatabind/lib/org/powermock/powermock-reflect/1.6.2/powermock-reflect-1.6.2.jar
  - /home/user/defects4j/framework/projects/JacksonDatabind/lib/org/objenesis/objenesis/2.1/objenesis-2.1.jar
  - /home/user/defects4j/framework/projects/JacksonDatabind/lib/org/powermock/powermock-api-mockito/1.6.2/powermock-api-mockito-1.6.2.jar
  - /home/user/defects4j/framework/projects/JacksonDatabind/lib/org/mockito/mockito-all/1.10.19/mockito-all-1.10.19.jar
  - /home/user/defects4j/framework/projects/JacksonDatabind/lib/org/powermock/powermock-api-support/1.6.2/powermock-api-support-1.6.2.jar
  - /home/user/defects4j/framework/projects/JacksonDatabind/lib/javax/measure/jsr-275/0.9.2/jsr-275-0.9.2.jar
  - /home/user/defects4j/framework/projects/JacksonDatabind/lib/junit/junit/4.11/junit-4.11.jar
  - /home/user/defects4j/framework/projects/JacksonDatabind/lib/org/hamcrest/hamcrest-core/1.3/hamcrest-core-1.3.jar
  - /home/user/d4j-workspace/JacksonDatabind-24b/target/classes
  - /home/user/d4j-workspace/JacksonDatabind-24b/target/test-classes
  - /home/user/defects4j/framework/projects/lib/junit-4.12-hamcrest-1.3.jar
  - /home/user/defects4j/framework/projects/JacksonDatabind/lib/antlr/antlr/2.7.7/antlr-2.7.7.jar
  - /home/user/defects4j/framework/projects/JacksonDatabind/lib/asm/asm-analysis/3.2/asm-analysis-3.2.jar
  - /home/user/defects4j/framework/projects/JacksonDatabind/lib/asm/asm-commons/3.2/asm-commons-3.2.jar
  - /home/user/defects4j/framework/projects/JacksonDatabind/lib/asm/asm-tree/3.2/asm-tree-3.2.jar
  - /home/user/defects4j/framework/projects/JacksonDatabind/lib/asm/asm-util/3.2/asm-util-3.2.jar
  - /home/user/defects4j/framework/projects/JacksonDatabind/lib/asm/asm/3.3.1/asm-3.3.1.jar
  - /home/user/defects4j/framework/projects/JacksonDatabind/lib/cglib/cglib/2.2.2/cglib-2.2.2.jar
  - /home/user/defects4j/framework/projects/JacksonDatabind/lib/cglib/cglib/3.1/cglib-3.1.jar
  - /home/user/defects4j/framework/projects/JacksonDatabind/lib/com/fasterxml/jackson/core/jackson-annotations/2.10.0-SNAPSHOT/jackson-annotations-2.10.0-20190519.085045-3.jar
  - /home/user/defects4j/framework/projects/JacksonDatabind/lib/com/fasterxml/jackson/core/jackson-annotations/2.2.0/jackson-annotations-2.2.0.jar
  - /home/user/defects4j/framework/projects/JacksonDatabind/lib/com/fasterxml/jackson/core/jackson-annotations/2.2.1/jackson-annotations-2.2.1.jar
  - /home/user/defects4j/framework/projects/JacksonDatabind/lib/com/fasterxml/jackson/core/jackson-annotations/2.3.0/jackson-annotations-2.3.0.jar
  - /home/user/defects4j/framework/projects/JacksonDatabind/lib/com/fasterxml/jackson/core/jackson-annotations/2.4.0-rc3/jackson-annotations-2.4.0-rc3.jar
  - /home/user/defects4j/framework/projects/JacksonDatabind/lib/com/fasterxml/jackson/core/jackson-annotations/2.4.0/jackson-annotations-2.4.0.jar
  - /home/user/defects4j/framework/projects/JacksonDatabind/lib/com/fasterxml/jackson/core/jackson-annotations/2.5.0/jackson-annotations-2.5.0.jar
  - /home/user/defects4j/framework/projects/JacksonDatabind/lib/com/fasterxml/jackson/core/jackson-annotations/2.6.0-rc1/jackson-annotations-2.6.0-rc1.jar
  - /home/user/defects4j/framework/projects/JacksonDatabind/lib/com/fasterxml/jackson/core/jackson-annotations/2.6.0-rc2/jackson-annotations-2.6.0-rc2.jar
  - /home/user/defects4j/framework/projects/JacksonDatabind/lib/com/fasterxml/jackson/core/jackson-annotations/2.6.0-rc3/jackson-annotations-2.6.0-rc3.jar
  - /home/user/defects4j/framework/projects/JacksonDatabind/lib/com/fasterxml/jackson/core/jackson-annotations/2.7.0-rc2/jackson-annotations-2.7.0-rc2.jar
  - /home/user/defects4j/framework/projects/JacksonDatabind/lib/com/fasterxml/jackson/core/jackson-annotations/2.7.0/jackson-annotations-2.7.0.jar
  - /home/user/defects4j/framework/projects/JacksonDatabind/lib/com/fasterxml/jackson/core/jackson-annotations/2.8.0.rc1/jackson-annotations-2.8.0.rc1.jar
  - /home/user/defects4j/framework/projects/JacksonDatabind/lib/com/fasterxml/jackson/core/jackson-annotations/2.8.0/jackson-annotations-2.8.0.jar
  - /home/user/defects4j/framework/projects/JacksonDatabind/lib/com/fasterxml/jackson/core/jackson-annotations/2.9.0.pr3/jackson-annotations-2.9.0.pr3.jar
  - /home/user/defects4j/framework/projects/JacksonDatabind/lib/com/fasterxml/jackson/core/jackson-annotations/2.9.0/jackson-annotations-2.9.0.jar
  - /home/user/defects4j/framework/projects/JacksonDatabind/lib/com/fasterxml/jackson/core/jackson-annotations/3.0-SNAPSHOT/jackson-annotations-3.0-20190323.173155-41.jar
  - /home/user/defects4j/framework/projects/JacksonDatabind/lib/com/fasterxml/jackson/core/jackson-annotations/3.0-SNAPSHOT/jackson-annotations-3.0-20190519.085339-43.jar
  - /home/user/defects4j/framework/projects/JacksonDatabind/lib/com/fasterxml/jackson/core/jackson-core/2.10.0-SNAPSHOT/jackson-core-2.10.0-20190518.180547-60.jar
  - /home/user/defects4j/framework/projects/JacksonDatabind/lib/com/fasterxml/jackson/core/jackson-core/2.2.0/jackson-core-2.2.0.jar
  - /home/user/defects4j/framework/projects/JacksonDatabind/lib/com/fasterxml/jackson/core/jackson-core/2.2.1/jackson-core-2.2.1.jar
  - /home/user/defects4j/framework/projects/JacksonDatabind/lib/com/fasterxml/jackson/core/jackson-core/2.3.0/jackson-core-2.3.0.jar
  - /home/user/defects4j/framework/projects/JacksonDatabind/lib/com/fasterxml/jackson/core/jackson-core/2.4.0-rc3/jackson-core-2.4.0-rc3.jar
  - /home/user/defects4j/framework/projects/JacksonDatabind/lib/com/fasterxml/jackson/core/jackson-core/2.4.0/jackson-core-2.4.0.jar
  - /home/user/defects4j/framework/projects/JacksonDatabind/lib/com/fasterxml/jackson/core/jackson-core/2.4.1.1/jackson-core-2.4.1.1.jar
  - /home/user/defects4j/framework/projects/JacksonDatabind/lib/com/fasterxml/jackson/core/jackson-core/2.4.2/jackson-core-2.4.2.jar
  - /home/user/defects4j/framework/projects/JacksonDatabind/lib/com/fasterxml/jackson/core/jackson-core/2.4.3/jackson-core-2.4.3.jar
  - /home/user/defects4j/framework/projects/JacksonDatabind/lib/com/fasterxml/jackson/core/jackson-core/2.4.5/jackson-core-2.4.5.jar
  - /home/user/defects4j/framework/projects/JacksonDatabind/lib/com/fasterxml/jackson/core/jackson-core/2.4.6/jackson-core-2.4.6.jar
  - /home/user/defects4j/framework/projects/JacksonDatabind/lib/com/fasterxml/jackson/core/jackson-core/2.5.0/jackson-core-2.5.0.jar
  - /home/user/defects4j/framework/projects/JacksonDatabind/lib/com/fasterxml/jackson/core/jackson-core/2.5.1/jackson-core-2.5.1.jar
  - /home/user/defects4j/framework/projects/JacksonDatabind/lib/com/fasterxml/jackson/core/jackson-core/2.5.3/jackson-core-2.5.3.jar
  - /home/user/defects4j/framework/projects/JacksonDatabind/lib/com/fasterxml/jackson/core/jackson-core/2.5.4/jackson-core-2.5.4.jar
  - /home/user/defects4j/framework/projects/JacksonDatabind/lib/com/fasterxml/jackson/core/jackson-core/2.5.5/jackson-core-2.5.5.jar
  - /home/user/defects4j/framework/projects/JacksonDatabind/lib/com/fasterxml/jackson/core/jackson-core/2.6.0-rc1/jackson-core-2.6.0-rc1.jar
  - /home/user/defects4j/framework/projects/JacksonDatabind/lib/com/fasterxml/jackson/core/jackson-core/2.6.0-rc2/jackson-core-2.6.0-rc2.jar
  - /home/user/defects4j/framework/projects/JacksonDatabind/lib/com/fasterxml/jackson/core/jackson-core/2.6.0-rc3/jackson-core-2.6.0-rc3.jar
  - /home/user/defects4j/framework/projects/JacksonDatabind/lib/com/fasterxml/jackson/core/jackson-core/2.6.1/jackson-core-2.6.1.jar
  - /home/user/defects4j/framework/projects/JacksonDatabind/lib/com/fasterxml/jackson/core/jackson-core/2.6.2/jackson-core-2.6.2.jar
  - /home/user/defects4j/framework/projects/JacksonDatabind/lib/com/fasterxml/jackson/core/jackson-core/2.6.3/jackson-core-2.6.3.jar
  - /home/user/defects4j/framework/projects/JacksonDatabind/lib/com/fasterxml/jackson/core/jackson-core/2.6.4/jackson-core-2.6.4.jar
  - /home/user/defects4j/framework/projects/JacksonDatabind/lib/com/fasterxml/jackson/core/jackson-core/2.6.5/jackson-core-2.6.5.jar
  - /home/user/defects4j/framework/projects/JacksonDatabind/lib/com/fasterxml/jackson/core/jackson-core/2.6.6/jackson-core-2.6.6.jar
  - /home/user/defects4j/framework/projects/JacksonDatabind/lib/com/fasterxml/jackson/core/jackson-core/2.6.7/jackson-core-2.6.7.jar
  - /home/user/defects4j/framework/projects/JacksonDatabind/lib/com/fasterxml/jackson/core/jackson-core/2.7.0-rc2/jackson-core-2.7.0-rc2.jar
  - /home/user/defects4j/framework/projects/JacksonDatabind/lib/com/fasterxml/jackson/core/jackson-core/2.7.0/jackson-core-2.7.0.jar
  - /home/user/defects4j/framework/projects/JacksonDatabind/lib/com/fasterxml/jackson/core/jackson-core/2.7.1/jackson-core-2.7.1.jar
  - /home/user/defects4j/framework/projects/JacksonDatabind/lib/com/fasterxml/jackson/core/jackson-core/2.7.2/jackson-core-2.7.2.jar
  - /home/user/defects4j/framework/projects/JacksonDatabind/lib/com/fasterxml/jackson/core/jackson-core/2.7.4/jackson-core-2.7.4.jar
  - /home/user/defects4j/framework/projects/JacksonDatabind/lib/com/fasterxml/jackson/core/jackson-core/2.7.5/jackson-core-2.7.5.jar
  - /home/user/defects4j/framework/projects/JacksonDatabind/lib/com/fasterxml/jackson/core/jackson-core/2.7.6/jackson-core-2.7.6.jar
  - /home/user/defects4j/framework/projects/JacksonDatabind/lib/com/fasterxml/jackson/core/jackson-core/2.7.7/jackson-core-2.7.7.jar
  - /home/user/defects4j/framework/projects/JacksonDatabind/lib/com/fasterxml/jackson/core/jackson-core/2.7.8/jackson-core-2.7.8.jar
  - /home/user/defects4j/framework/projects/JacksonDatabind/lib/com/fasterxml/jackson/core/jackson-core/2.7.9/jackson-core-2.7.9.jar
  - /home/user/defects4j/framework/projects/JacksonDatabind/lib/com/fasterxml/jackson/core/jackson-core/2.8.0.rc1/jackson-core-2.8.0.rc1.jar
  - /home/user/defects4j/framework/projects/JacksonDatabind/lib/com/fasterxml/jackson/core/jackson-core/2.8.0.rc2/jackson-core-2.8.0.rc2.jar
  - /home/user/defects4j/framework/projects/JacksonDatabind/lib/com/fasterxml/jackson/core/jackson-core/2.8.0/jackson-core-2.8.0.jar
  - /home/user/defects4j/framework/projects/JacksonDatabind/lib/com/fasterxml/jackson/core/jackson-core/2.8.10/jackson-core-2.8.10.jar
  - /home/user/defects4j/framework/projects/JacksonDatabind/lib/com/fasterxml/jackson/core/jackson-core/2.8.3/jackson-core-2.8.3.jar
  - /home/user/defects4j/framework/projects/JacksonDatabind/lib/com/fasterxml/jackson/core/jackson-core/2.8.4/jackson-core-2.8.4.jar
  - /home/user/defects4j/framework/projects/JacksonDatabind/lib/com/fasterxml/jackson/core/jackson-core/2.8.5/jackson-core-2.8.5.jar
  - /home/user/defects4j/framework/projects/JacksonDatabind/lib/com/fasterxml/jackson/core/jackson-core/2.8.6/jackson-core-2.8.6.jar
  - /home/user/defects4j/framework/projects/JacksonDatabind/lib/com/fasterxml/jackson/core/jackson-core/2.8.7/jackson-core-2.8.7.jar
  - /home/user/defects4j/framework/projects/JacksonDatabind/lib/com/fasterxml/jackson/core/jackson-core/2.8.8-SNAPSHOT/jackson-core-2.8.8-20170301.000803-1.jar
  - /home/user/defects4j/framework/projects/JacksonDatabind/lib/com/fasterxml/jackson/core/jackson-core/2.8.8/jackson-core-2.8.8.jar
  - /home/user/defects4j/framework/projects/JacksonDatabind/lib/com/fasterxml/jackson/core/jackson-core/2.8.9/jackson-core-2.8.9.jar
  - /home/user/defects4j/framework/projects/JacksonDatabind/lib/com/fasterxml/jackson/core/jackson-core/2.9.0.pr3/jackson-core-2.9.0.pr3.jar
  - /home/user/defects4j/framework/projects/JacksonDatabind/lib/com/fasterxml/jackson/core/jackson-core/2.9.6/jackson-core-2.9.6.jar
  - /home/user/defects4j/framework/projects/JacksonDatabind/lib/com/fasterxml/jackson/core/jackson-core/2.9.7/jackson-core-2.9.7.jar
  - /home/user/defects4j/framework/projects/JacksonDatabind/lib/com/fasterxml/jackson/core/jackson-core/2.9.8/jackson-core-2.9.8.jar
  - /home/user/defects4j/framework/projects/JacksonDatabind/lib/com/fasterxml/jackson/core/jackson-core/2.9.9/jackson-core-2.9.9.jar
  - /home/user/defects4j/framework/projects/JacksonDatabind/lib/com/fasterxml/jackson/core/jackson-core/3.0.0-SNAPSHOT/jackson-core-3.0.0-20190516.032312-448.jar
  - /home/user/defects4j/framework/projects/JacksonDatabind/lib/com/google/guava/guava/18.0/guava-18.0.jar
  - /home/user/defects4j/framework/projects/JacksonDatabind/lib/com/google/jimfs/jimfs/1.1/jimfs-1.1.jar
  - /home/user/defects4j/framework/projects/JacksonDatabind/lib/javax/measure/jsr-275/0.9.1/jsr-275-0.9.1.jar
  - /home/user/defects4j/framework/projects/JacksonDatabind/lib/junit/junit/4.10/junit-4.10.jar
  - /home/user/defects4j/framework/projects/JacksonDatabind/lib/junit/junit/4.12/junit-4.12.jar
  - /home/user/defects4j/framework/projects/JacksonDatabind/lib/junit/junit/4.8.2/junit-4.8.2.jar
  - /home/user/defects4j/framework/projects/JacksonDatabind/lib/net/bytebuddy/byte-buddy-agent/1.7.5/byte-buddy-agent-1.7.5.jar
  - /home/user/defects4j/framework/projects/JacksonDatabind/lib/net/bytebuddy/byte-buddy-agent/1.9.3/byte-buddy-agent-1.9.3.jar
  - /home/user/defects4j/framework/projects/JacksonDatabind/lib/net/bytebuddy/byte-buddy/1.7.5/byte-buddy-1.7.5.jar
  - /home/user/defects4j/framework/projects/JacksonDatabind/lib/net/bytebuddy/byte-buddy/1.9.3/byte-buddy-1.9.3.jar
  - /home/user/defects4j/framework/projects/JacksonDatabind/lib/org/assertj/assertj-core/3.8.0/assertj-core-3.8.0.jar
  - /home/user/defects4j/framework/projects/JacksonDatabind/lib/org/assertj/assertj-core/3.9.1/assertj-core-3.9.1.jar
  - /home/user/defects4j/framework/projects/JacksonDatabind/lib/org/codehaus/groovy/groovy/1.7.9/groovy-1.7.9.jar
  - /home/user/defects4j/framework/projects/JacksonDatabind/lib/org/codehaus/groovy/groovy/2.4.0/groovy-2.4.0.jar
  - /home/user/defects4j/framework/projects/JacksonDatabind/lib/org/hamcrest/hamcrest-core/1.1/hamcrest-core-1.1.jar
  - /home/user/defects4j/framework/projects/JacksonDatabind/lib/org/hibernate/hibernate-cglib-repack/2.1_3/hibernate-cglib-repack-2.1_3.jar
  - /home/user/defects4j/framework/projects/JacksonDatabind/lib/org/javassist/javassist/3.20.0-GA/javassist-3.20.0-GA.jar
  - /home/user/defects4j/framework/projects/JacksonDatabind/lib/org/javassist/javassist/3.21.0-GA/javassist-3.21.0-GA.jar
  - /home/user/defects4j/framework/projects/JacksonDatabind/lib/org/javassist/javassist/3.22.0-CR2/javassist-3.22.0-CR2.jar
  - /home/user/defects4j/framework/projects/JacksonDatabind/lib/org/javassist/javassist/3.24.0-GA/javassist-3.24.0-GA.jar
  - /home/user/defects4j/framework/projects/JacksonDatabind/lib/org/mockito/mockito-core/1.10.19/mockito-core-1.10.19.jar
  - /home/user/defects4j/framework/projects/JacksonDatabind/lib/org/mockito/mockito-core/2.10.0/mockito-core-2.10.0.jar
  - /home/user/defects4j/framework/projects/JacksonDatabind/lib/org/mockito/mockito-core/2.23.0/mockito-core-2.23.0.jar
  - /home/user/defects4j/framework/projects/JacksonDatabind/lib/org/objenesis/objenesis/2.6/objenesis-2.6.jar
  - /home/user/defects4j/framework/projects/JacksonDatabind/lib/org/objenesis/objenesis/3.0.1/objenesis-3.0.1.jar
  - /home/user/defects4j/framework/projects/JacksonDatabind/lib/org/ow2/asm/asm/4.2/asm-4.2.jar
  - /home/user/defects4j/framework/projects/JacksonDatabind/lib/org/powermock/powermock-api-mockito-common/1.6.5/powermock-api-mockito-common-1.6.5.jar
  - /home/user/defects4j/framework/projects/JacksonDatabind/lib/org/powermock/powermock-api-mockito-common/1.7.3/powermock-api-mockito-common-1.7.3.jar
  - /home/user/defects4j/framework/projects/JacksonDatabind/lib/org/powermock/powermock-api-mockito-common/1.7.4/powermock-api-mockito-common-1.7.4.jar
  - /home/user/defects4j/framework/projects/JacksonDatabind/lib/org/powermock/powermock-api-mockito/1.6.3/powermock-api-mockito-1.6.3.jar
  - /home/user/defects4j/framework/projects/JacksonDatabind/lib/org/powermock/powermock-api-mockito/1.6.5/powermock-api-mockito-1.6.5.jar
  - /home/user/defects4j/framework/projects/JacksonDatabind/lib/org/powermock/powermock-api-mockito/1.7.3/powermock-api-mockito-1.7.3.jar
  - /home/user/defects4j/framework/projects/JacksonDatabind/lib/org/powermock/powermock-api-mockito/1.7.4/powermock-api-mockito-1.7.4.jar
  - /home/user/defects4j/framework/projects/JacksonDatabind/lib/org/powermock/powermock-api-mockito2/2.0.0-beta.5/powermock-api-mockito2-2.0.0-beta.5.jar
  - /home/user/defects4j/framework/projects/JacksonDatabind/lib/org/powermock/powermock-api-mockito2/2.0.0/powermock-api-mockito2-2.0.0.jar
  - /home/user/defects4j/framework/projects/JacksonDatabind/lib/org/powermock/powermock-api-support/1.6.3/powermock-api-support-1.6.3.jar
  - /home/user/defects4j/framework/projects/JacksonDatabind/lib/org/powermock/powermock-api-support/1.6.5/powermock-api-support-1.6.5.jar
  - /home/user/defects4j/framework/projects/JacksonDatabind/lib/org/powermock/powermock-api-support/1.7.3/powermock-api-support-1.7.3.jar
  - /home/user/defects4j/framework/projects/JacksonDatabind/lib/org/powermock/powermock-api-support/1.7.4/powermock-api-support-1.7.4.jar
  - /home/user/defects4j/framework/projects/JacksonDatabind/lib/org/powermock/powermock-api-support/2.0.0-beta.5/powermock-api-support-2.0.0-beta.5.jar
  - /home/user/defects4j/framework/projects/JacksonDatabind/lib/org/powermock/powermock-api-support/2.0.0/powermock-api-support-2.0.0.jar
  - /home/user/defects4j/framework/projects/JacksonDatabind/lib/org/powermock/powermock-core/1.6.3/powermock-core-1.6.3.jar
  - /home/user/defects4j/framework/projects/JacksonDatabind/lib/org/powermock/powermock-core/1.6.5/powermock-core-1.6.5.jar
  - /home/user/defects4j/framework/projects/JacksonDatabind/lib/org/powermock/powermock-core/1.7.3/powermock-core-1.7.3.jar
  - /home/user/defects4j/framework/projects/JacksonDatabind/lib/org/powermock/powermock-core/1.7.4/powermock-core-1.7.4.jar
  - /home/user/defects4j/framework/projects/JacksonDatabind/lib/org/powermock/powermock-core/2.0.0-beta.5/powermock-core-2.0.0-beta.5.jar
  - /home/user/defects4j/framework/projects/JacksonDatabind/lib/org/powermock/powermock-core/2.0.0/powermock-core-2.0.0.jar
  - /home/user/defects4j/framework/projects/JacksonDatabind/lib/org/powermock/powermock-module-junit4-common/1.6.3/powermock-module-junit4-common-1.6.3.jar
  - /home/user/defects4j/framework/projects/JacksonDatabind/lib/org/powermock/powermock-module-junit4-common/1.6.5/powermock-module-junit4-common-1.6.5.jar
  - /home/user/defects4j/framework/projects/JacksonDatabind/lib/org/powermock/powermock-module-junit4-common/1.7.3/powermock-module-junit4-common-1.7.3.jar
  - /home/user/defects4j/framework/projects/JacksonDatabind/lib/org/powermock/powermock-module-junit4-common/1.7.4/powermock-module-junit4-common-1.7.4.jar
  - /home/user/defects4j/framework/projects/JacksonDatabind/lib/org/powermock/powermock-module-junit4-common/2.0.0-beta.5/powermock-module-junit4-common-2.0.0-beta.5.jar
  - /home/user/defects4j/framework/projects/JacksonDatabind/lib/org/powermock/powermock-module-junit4-common/2.0.0/powermock-module-junit4-common-2.0.0.jar
  - /home/user/defects4j/framework/projects/JacksonDatabind/lib/org/powermock/powermock-module-junit4/1.6.3/powermock-module-junit4-1.6.3.jar
  - /home/user/defects4j/framework/projects/JacksonDatabind/lib/org/powermock/powermock-module-junit4/1.6.5/powermock-module-junit4-1.6.5.jar
  - /home/user/defects4j/framework/projects/JacksonDatabind/lib/org/powermock/powermock-module-junit4/1.7.3/powermock-module-junit4-1.7.3.jar
  - /home/user/defects4j/framework/projects/JacksonDatabind/lib/org/powermock/powermock-module-junit4/1.7.4/powermock-module-junit4-1.7.4.jar
  - /home/user/defects4j/framework/projects/JacksonDatabind/lib/org/powermock/powermock-module-junit4/2.0.0-beta.5/powermock-module-junit4-2.0.0-beta.5.jar
  - /home/user/defects4j/framework/projects/JacksonDatabind/lib/org/powermock/powermock-module-junit4/2.0.0/powermock-module-junit4-2.0.0.jar
  - /home/user/defects4j/framework/projects/JacksonDatabind/lib/org/powermock/powermock-reflect/1.6.3/powermock-reflect-1.6.3.jar
  - /home/user/defects4j/framework/projects/JacksonDatabind/lib/org/powermock/powermock-reflect/1.6.5/powermock-reflect-1.6.5.jar
  - /home/user/defects4j/framework/projects/JacksonDatabind/lib/org/powermock/powermock-reflect/1.7.3/powermock-reflect-1.7.3.jar
  - /home/user/defects4j/framework/projects/JacksonDatabind/lib/org/powermock/powermock-reflect/1.7.4/powermock-reflect-1.7.4.jar
  - /home/user/defects4j/framework/projects/JacksonDatabind/lib/org/powermock/powermock-reflect/2.0.0-beta.5/powermock-reflect-2.0.0-beta.5.jar
  - /home/user/defects4j/framework/projects/JacksonDatabind/lib/org/powermock/powermock-reflect/2.0.0/powermock-reflect-2.0.0.jar
  - /home/user/d4j-workspace/JacksonDatabind-24b/target/classes
  - /home/user/d4j-workspace/JacksonDatabind-24b/target/test-classes
[MASTER] 22:34:19.238 [logback-2] ERROR ConcreteClassAnalyzer - Problem for com.fasterxml.jackson.databind.cfg.BaseSettings. Class not found: jdk.Exported
[MASTER] 22:34:19.238 [logback-2] ERROR ConcreteClassAnalyzer - Removing class from inheritance tree
[MASTER] 22:34:19.250 [logback-2] ERROR ConcreteClassAnalyzer - Problem for com.fasterxml.jackson.databind.cfg.BaseSettings. Class not found: javax.jws.WebService
[MASTER] 22:34:19.250 [logback-2] ERROR ConcreteClassAnalyzer - Removing class from inheritance tree
[MASTER] 22:34:19.254 [logback-2] ERROR ConcreteClassAnalyzer - Problem for com.fasterxml.jackson.databind.cfg.BaseSettings. Class not found: javax.jws.HandlerChain
[MASTER] 22:34:19.254 [logback-2] ERROR ConcreteClassAnalyzer - Removing class from inheritance tree
[MASTER] 22:34:19.257 [logback-2] ERROR ConcreteClassAnalyzer - Problem for com.fasterxml.jackson.databind.cfg.BaseSettings. Class not found: javax.jws.WebResult
[MASTER] 22:34:19.257 [logback-2] ERROR ConcreteClassAnalyzer - Removing class from inheritance tree
[MASTER] 22:34:19.259 [logback-2] ERROR ConcreteClassAnalyzer - Problem for com.fasterxml.jackson.databind.cfg.BaseSettings. Class not found: javax.jws.WebParam
[MASTER] 22:34:19.259 [logback-2] ERROR ConcreteClassAnalyzer - Removing class from inheritance tree
[MASTER] 22:34:19.268 [logback-2] ERROR ConcreteClassAnalyzer - Problem for com.fasterxml.jackson.databind.cfg.BaseSettings. Class not found: javax.jws.WebMethod
[MASTER] 22:34:19.268 [logback-2] ERROR ConcreteClassAnalyzer - Removing class from inheritance tree
[MASTER] 22:34:19.270 [logback-2] ERROR ConcreteClassAnalyzer - Problem for com.fasterxml.jackson.databind.cfg.BaseSettings. Class not found: javax.jws.Oneway
[MASTER] 22:34:19.270 [logback-2] ERROR ConcreteClassAnalyzer - Removing class from inheritance tree
[MASTER] 22:34:19.301 [logback-2] ERROR ConcreteClassAnalyzer - Problem for com.fasterxml.jackson.databind.cfg.BaseSettings. Class not found: javax.jws.soap.InitParam
[MASTER] 22:34:19.301 [logback-2] ERROR ConcreteClassAnalyzer - Removing class from inheritance tree
[MASTER] 22:34:19.304 [logback-2] ERROR ConcreteClassAnalyzer - Problem for com.fasterxml.jackson.databind.cfg.BaseSettings. Class not found: javax.jws.soap.SOAPBinding
[MASTER] 22:34:19.304 [logback-2] ERROR ConcreteClassAnalyzer - Removing class from inheritance tree
[MASTER] 22:34:19.320 [logback-2] ERROR ConcreteClassAnalyzer - Problem for com.fasterxml.jackson.databind.cfg.BaseSettings. Class not found: javax.jws.soap.SOAPMessageHandler
[MASTER] 22:34:19.320 [logback-2] ERROR ConcreteClassAnalyzer - Removing class from inheritance tree
[MASTER] 22:34:19.320 [logback-2] ERROR ConcreteClassAnalyzer - Problem for com.fasterxml.jackson.databind.cfg.BaseSettings. Class not found: javax.jws.soap.SOAPMessageHandlers
[MASTER] 22:34:19.320 [logback-2] ERROR ConcreteClassAnalyzer - Removing class from inheritance tree
[MASTER] 22:34:19.507 [logback-1] WARN  InheritanceTree - Class not in inheritance graph: java.util.Locale$IsoCountryCode
[MASTER] 22:34:19.699 [logback-2] ERROR ConcreteClassAnalyzer - Problem for com.fasterxml.jackson.databind.cfg.BaseSettings. Class not found: jdk.Exported
[MASTER] 22:34:19.700 [logback-2] ERROR ConcreteClassAnalyzer - Removing class from inheritance tree
[MASTER] 22:34:19.700 [logback-2] ERROR ConcreteClassAnalyzer - Problem for com.fasterxml.jackson.databind.cfg.BaseSettings. Class not found: javax.jws.WebService
[MASTER] 22:34:19.700 [logback-2] ERROR ConcreteClassAnalyzer - Removing class from inheritance tree
[MASTER] 22:34:19.700 [logback-2] ERROR ConcreteClassAnalyzer - Problem for com.fasterxml.jackson.databind.cfg.BaseSettings. Class not found: javax.jws.HandlerChain
[MASTER] 22:34:19.700 [logback-2] ERROR ConcreteClassAnalyzer - Removing class from inheritance tree
[MASTER] 22:34:19.700 [logback-2] ERROR ConcreteClassAnalyzer - Problem for com.fasterxml.jackson.databind.cfg.BaseSettings. Class not found: javax.jws.WebResult
[MASTER] 22:34:19.700 [logback-2] ERROR ConcreteClassAnalyzer - Removing class from inheritance tree
[MASTER] 22:34:19.700 [logback-2] ERROR ConcreteClassAnalyzer - Problem for com.fasterxml.jackson.databind.cfg.BaseSettings. Class not found: javax.jws.WebParam
[MASTER] 22:34:19.700 [logback-2] ERROR ConcreteClassAnalyzer - Removing class from inheritance tree
[MASTER] 22:34:19.700 [logback-2] ERROR ConcreteClassAnalyzer - Problem for com.fasterxml.jackson.databind.cfg.BaseSettings. Class not found: javax.jws.WebMethod
[MASTER] 22:34:19.700 [logback-2] ERROR ConcreteClassAnalyzer - Removing class from inheritance tree
[MASTER] 22:34:19.700 [logback-2] ERROR ConcreteClassAnalyzer - Problem for com.fasterxml.jackson.databind.cfg.BaseSettings. Class not found: javax.jws.Oneway
[MASTER] 22:34:19.700 [logback-2] ERROR ConcreteClassAnalyzer - Removing class from inheritance tree
[MASTER] 22:34:19.701 [logback-2] ERROR ConcreteClassAnalyzer - Problem for com.fasterxml.jackson.databind.cfg.BaseSettings. Class not found: javax.jws.soap.InitParam
[MASTER] 22:34:19.701 [logback-2] ERROR ConcreteClassAnalyzer - Removing class from inheritance tree
[MASTER] 22:34:19.701 [logback-2] ERROR ConcreteClassAnalyzer - Problem for com.fasterxml.jackson.databind.cfg.BaseSettings. Class not found: javax.jws.soap.SOAPBinding
[MASTER] 22:34:19.701 [logback-2] ERROR ConcreteClassAnalyzer - Removing class from inheritance tree
[MASTER] 22:34:19.701 [logback-2] ERROR ConcreteClassAnalyzer - Problem for com.fasterxml.jackson.databind.cfg.BaseSettings. Class not found: javax.jws.soap.SOAPMessageHandler
[MASTER] 22:34:19.701 [logback-2] ERROR ConcreteClassAnalyzer - Removing class from inheritance tree
[MASTER] 22:34:19.702 [logback-2] ERROR ConcreteClassAnalyzer - Problem for com.fasterxml.jackson.databind.cfg.BaseSettings. Class not found: javax.jws.soap.SOAPMessageHandlers
[MASTER] 22:34:19.702 [logback-2] ERROR ConcreteClassAnalyzer - Removing class from inheritance tree
[MASTER] 22:34:19.703 [logback-2] ERROR ConcreteClassAnalyzer - Problem for com.fasterxml.jackson.databind.cfg.BaseSettings. Class not found: jdk.Exported
[MASTER] 22:34:19.703 [logback-2] ERROR ConcreteClassAnalyzer - Removing class from inheritance tree
[MASTER] 22:34:19.704 [logback-2] ERROR ConcreteClassAnalyzer - Problem for com.fasterxml.jackson.databind.cfg.BaseSettings. Class not found: javax.jws.WebService
[MASTER] 22:34:19.704 [logback-2] ERROR ConcreteClassAnalyzer - Removing class from inheritance tree
[MASTER] 22:34:19.704 [logback-2] ERROR ConcreteClassAnalyzer - Problem for com.fasterxml.jackson.databind.cfg.BaseSettings. Class not found: javax.jws.HandlerChain
[MASTER] 22:34:19.704 [logback-2] ERROR ConcreteClassAnalyzer - Removing class from inheritance tree
[MASTER] 22:34:19.704 [logback-2] ERROR ConcreteClassAnalyzer - Problem for com.fasterxml.jackson.databind.cfg.BaseSettings. Class not found: javax.jws.WebResult
[MASTER] 22:34:19.704 [logback-2] ERROR ConcreteClassAnalyzer - Removing class from inheritance tree
[MASTER] 22:34:19.704 [logback-2] ERROR ConcreteClassAnalyzer - Problem for com.fasterxml.jackson.databind.cfg.BaseSettings. Class not found: javax.jws.WebParam
[MASTER] 22:34:19.704 [logback-2] ERROR ConcreteClassAnalyzer - Removing class from inheritance tree
[MASTER] 22:34:19.704 [logback-2] ERROR ConcreteClassAnalyzer - Problem for com.fasterxml.jackson.databind.cfg.BaseSettings. Class not found: javax.jws.WebMethod
[MASTER] 22:34:19.704 [logback-2] ERROR ConcreteClassAnalyzer - Removing class from inheritance tree
[MASTER] 22:34:19.704 [logback-2] ERROR ConcreteClassAnalyzer - Problem for com.fasterxml.jackson.databind.cfg.BaseSettings. Class not found: javax.jws.Oneway
[MASTER] 22:34:19.704 [logback-2] ERROR ConcreteClassAnalyzer - Removing class from inheritance tree
[MASTER] 22:34:19.705 [logback-2] ERROR ConcreteClassAnalyzer - Problem for com.fasterxml.jackson.databind.cfg.BaseSettings. Class not found: javax.jws.soap.InitParam
[MASTER] 22:34:19.705 [logback-2] ERROR ConcreteClassAnalyzer - Removing class from inheritance tree
[MASTER] 22:34:19.705 [logback-2] ERROR ConcreteClassAnalyzer - Problem for com.fasterxml.jackson.databind.cfg.BaseSettings. Class not found: javax.jws.soap.SOAPBinding
[MASTER] 22:34:19.705 [logback-2] ERROR ConcreteClassAnalyzer - Removing class from inheritance tree
[MASTER] 22:34:19.705 [logback-2] ERROR ConcreteClassAnalyzer - Problem for com.fasterxml.jackson.databind.cfg.BaseSettings. Class not found: javax.jws.soap.SOAPMessageHandler
[MASTER] 22:34:19.705 [logback-2] ERROR ConcreteClassAnalyzer - Removing class from inheritance tree
[MASTER] 22:34:19.706 [logback-2] ERROR ConcreteClassAnalyzer - Problem for com.fasterxml.jackson.databind.cfg.BaseSettings. Class not found: javax.jws.soap.SOAPMessageHandlers
[MASTER] 22:34:19.706 [logback-2] ERROR ConcreteClassAnalyzer - Removing class from inheritance tree
[MASTER] 22:34:19.707 [logback-2] ERROR ConcreteClassAnalyzer - Problem for com.fasterxml.jackson.databind.cfg.BaseSettings. Class not found: jdk.Exported
[MASTER] 22:34:19.707 [logback-2] ERROR ConcreteClassAnalyzer - Removing class from inheritance tree
[MASTER] 22:34:19.708 [logback-2] ERROR ConcreteClassAnalyzer - Problem for com.fasterxml.jackson.databind.cfg.BaseSettings. Class not found: javax.jws.WebService
[MASTER] 22:34:19.708 [logback-2] ERROR ConcreteClassAnalyzer - Removing class from inheritance tree
[MASTER] 22:34:19.708 [logback-2] ERROR ConcreteClassAnalyzer - Problem for com.fasterxml.jackson.databind.cfg.BaseSettings. Class not found: javax.jws.HandlerChain
[MASTER] 22:34:19.708 [logback-2] ERROR ConcreteClassAnalyzer - Removing class from inheritance tree
[MASTER] 22:34:19.708 [logback-2] ERROR ConcreteClassAnalyzer - Problem for com.fasterxml.jackson.databind.cfg.BaseSettings. Class not found: javax.jws.WebResult
[MASTER] 22:34:19.708 [logback-2] ERROR ConcreteClassAnalyzer - Removing class from inheritance tree
[MASTER] 22:34:19.708 [logback-2] ERROR ConcreteClassAnalyzer - Problem for com.fasterxml.jackson.databind.cfg.BaseSettings. Class not found: javax.jws.WebParam
[MASTER] 22:34:19.708 [logback-2] ERROR ConcreteClassAnalyzer - Removing class from inheritance tree
[MASTER] 22:34:19.709 [logback-2] ERROR ConcreteClassAnalyzer - Problem for com.fasterxml.jackson.databind.cfg.BaseSettings. Class not found: javax.jws.WebMethod
[MASTER] 22:34:19.709 [logback-2] ERROR ConcreteClassAnalyzer - Removing class from inheritance tree
[MASTER] 22:34:19.709 [logback-2] ERROR ConcreteClassAnalyzer - Problem for com.fasterxml.jackson.databind.cfg.BaseSettings. Class not found: javax.jws.Oneway
[MASTER] 22:34:19.709 [logback-2] ERROR ConcreteClassAnalyzer - Removing class from inheritance tree
[MASTER] 22:34:19.710 [logback-2] ERROR ConcreteClassAnalyzer - Problem for com.fasterxml.jackson.databind.cfg.BaseSettings. Class not found: javax.jws.soap.InitParam
[MASTER] 22:34:19.710 [logback-2] ERROR ConcreteClassAnalyzer - Removing class from inheritance tree
[MASTER] 22:34:19.710 [logback-2] ERROR ConcreteClassAnalyzer - Problem for com.fasterxml.jackson.databind.cfg.BaseSettings. Class not found: javax.jws.soap.SOAPBinding
[MASTER] 22:34:19.710 [logback-2] ERROR ConcreteClassAnalyzer - Removing class from inheritance tree
[MASTER] 22:34:19.711 [logback-2] ERROR ConcreteClassAnalyzer - Problem for com.fasterxml.jackson.databind.cfg.BaseSettings. Class not found: javax.jws.soap.SOAPMessageHandler
[MASTER] 22:34:19.711 [logback-2] ERROR ConcreteClassAnalyzer - Removing class from inheritance tree
[MASTER] 22:34:19.711 [logback-2] ERROR ConcreteClassAnalyzer - Problem for com.fasterxml.jackson.databind.cfg.BaseSettings. Class not found: javax.jws.soap.SOAPMessageHandlers
[MASTER] 22:34:19.711 [logback-2] ERROR ConcreteClassAnalyzer - Removing class from inheritance tree
[MASTER] 22:34:20.053 [logback-2] ERROR ConcreteClassAnalyzer - Problem for com.fasterxml.jackson.databind.cfg.BaseSettings. Class not found: jdk.Exported
[MASTER] 22:34:20.053 [logback-2] ERROR ConcreteClassAnalyzer - Removing class from inheritance tree
[MASTER] 22:34:20.054 [logback-2] ERROR ConcreteClassAnalyzer - Problem for com.fasterxml.jackson.databind.cfg.BaseSettings. Class not found: javax.jws.WebService
[MASTER] 22:34:20.054 [logback-2] ERROR ConcreteClassAnalyzer - Removing class from inheritance tree
[MASTER] 22:34:20.054 [logback-2] ERROR ConcreteClassAnalyzer - Problem for com.fasterxml.jackson.databind.cfg.BaseSettings. Class not found: javax.jws.HandlerChain
[MASTER] 22:34:20.054 [logback-2] ERROR ConcreteClassAnalyzer - Removing class from inheritance tree
[MASTER] 22:34:20.054 [logback-2] ERROR ConcreteClassAnalyzer - Problem for com.fasterxml.jackson.databind.cfg.BaseSettings. Class not found: javax.jws.WebResult
[MASTER] 22:34:20.054 [logback-2] ERROR ConcreteClassAnalyzer - Removing class from inheritance tree
[MASTER] 22:34:20.054 [logback-2] ERROR ConcreteClassAnalyzer - Problem for com.fasterxml.jackson.databind.cfg.BaseSettings. Class not found: javax.jws.WebParam
[MASTER] 22:34:20.054 [logback-2] ERROR ConcreteClassAnalyzer - Removing class from inheritance tree
[MASTER] 22:34:20.055 [logback-2] ERROR ConcreteClassAnalyzer - Problem for com.fasterxml.jackson.databind.cfg.BaseSettings. Class not found: javax.jws.WebMethod
[MASTER] 22:34:20.055 [logback-2] ERROR ConcreteClassAnalyzer - Removing class from inheritance tree
[MASTER] 22:34:20.055 [logback-2] ERROR ConcreteClassAnalyzer - Problem for com.fasterxml.jackson.databind.cfg.BaseSettings. Class not found: javax.jws.Oneway
[MASTER] 22:34:20.055 [logback-2] ERROR ConcreteClassAnalyzer - Removing class from inheritance tree
[MASTER] 22:34:20.056 [logback-2] ERROR ConcreteClassAnalyzer - Problem for com.fasterxml.jackson.databind.cfg.BaseSettings. Class not found: javax.jws.soap.InitParam
[MASTER] 22:34:20.056 [logback-2] ERROR ConcreteClassAnalyzer - Removing class from inheritance tree
[MASTER] 22:34:20.056 [logback-2] ERROR ConcreteClassAnalyzer - Problem for com.fasterxml.jackson.databind.cfg.BaseSettings. Class not found: javax.jws.soap.SOAPBinding
[MASTER] 22:34:20.056 [logback-2] ERROR ConcreteClassAnalyzer - Removing class from inheritance tree
[MASTER] 22:34:20.056 [logback-2] ERROR ConcreteClassAnalyzer - Problem for com.fasterxml.jackson.databind.cfg.BaseSettings. Class not found: javax.jws.soap.SOAPMessageHandler
[MASTER] 22:34:20.056 [logback-2] ERROR ConcreteClassAnalyzer - Removing class from inheritance tree
[MASTER] 22:34:20.057 [logback-2] ERROR ConcreteClassAnalyzer - Problem for com.fasterxml.jackson.databind.cfg.BaseSettings. Class not found: javax.jws.soap.SOAPMessageHandlers
[MASTER] 22:34:20.057 [logback-2] ERROR ConcreteClassAnalyzer - Removing class from inheritance tree
[MASTER] 22:34:20.059 [logback-2] ERROR ConcreteClassAnalyzer - Problem for com.fasterxml.jackson.databind.cfg.BaseSettings. Class not found: jdk.Exported
[MASTER] 22:34:20.059 [logback-2] ERROR ConcreteClassAnalyzer - Removing class from inheritance tree
[MASTER] 22:34:20.060 [logback-2] ERROR ConcreteClassAnalyzer - Problem for com.fasterxml.jackson.databind.cfg.BaseSettings. Class not found: javax.jws.WebService
[MASTER] 22:34:20.061 [logback-2] ERROR ConcreteClassAnalyzer - Removing class from inheritance tree
[MASTER] 22:34:20.063 [logback-2] ERROR ConcreteClassAnalyzer - Problem for com.fasterxml.jackson.databind.cfg.BaseSettings. Class not found: javax.jws.HandlerChain
[MASTER] 22:34:20.063 [logback-2] ERROR ConcreteClassAnalyzer - Removing class from inheritance tree
[MASTER] 22:34:20.065 [logback-2] ERROR ConcreteClassAnalyzer - Problem for com.fasterxml.jackson.databind.cfg.BaseSettings. Class not found: javax.jws.WebResult
[MASTER] 22:34:20.065 [logback-2] ERROR ConcreteClassAnalyzer - Removing class from inheritance tree
[MASTER] 22:34:20.067 [logback-2] ERROR ConcreteClassAnalyzer - Problem for com.fasterxml.jackson.databind.cfg.BaseSettings. Class not found: javax.jws.WebParam
[MASTER] 22:34:20.067 [logback-2] ERROR ConcreteClassAnalyzer - Removing class from inheritance tree
[MASTER] 22:34:20.070 [logback-2] ERROR ConcreteClassAnalyzer - Problem for com.fasterxml.jackson.databind.cfg.BaseSettings. Class not found: javax.jws.WebMethod
[MASTER] 22:34:20.070 [logback-2] ERROR ConcreteClassAnalyzer - Removing class from inheritance tree
[MASTER] 22:34:20.072 [logback-2] ERROR ConcreteClassAnalyzer - Problem for com.fasterxml.jackson.databind.cfg.BaseSettings. Class not found: javax.jws.Oneway
[MASTER] 22:34:20.072 [logback-2] ERROR ConcreteClassAnalyzer - Removing class from inheritance tree
[MASTER] 22:34:20.073 [logback-2] ERROR ConcreteClassAnalyzer - Problem for com.fasterxml.jackson.databind.cfg.BaseSettings. Class not found: javax.jws.soap.InitParam
[MASTER] 22:34:20.074 [logback-2] ERROR ConcreteClassAnalyzer - Removing class from inheritance tree
[MASTER] 22:34:20.076 [logback-2] ERROR ConcreteClassAnalyzer - Problem for com.fasterxml.jackson.databind.cfg.BaseSettings. Class not found: javax.jws.soap.SOAPBinding
[MASTER] 22:34:20.076 [logback-2] ERROR ConcreteClassAnalyzer - Removing class from inheritance tree
[MASTER] 22:34:20.080 [logback-2] ERROR ConcreteClassAnalyzer - Problem for com.fasterxml.jackson.databind.cfg.BaseSettings. Class not found: javax.jws.soap.SOAPMessageHandler
[MASTER] 22:34:20.081 [logback-2] ERROR ConcreteClassAnalyzer - Removing class from inheritance tree
[MASTER] 22:34:20.082 [logback-2] ERROR ConcreteClassAnalyzer - Problem for com.fasterxml.jackson.databind.cfg.BaseSettings. Class not found: javax.jws.soap.SOAPMessageHandlers
[MASTER] 22:34:20.082 [logback-2] ERROR ConcreteClassAnalyzer - Removing class from inheritance tree
[MASTER] 22:34:20.316 [logback-1] WARN  InheritanceTree - Class not in inheritance graph: java.io.ObjectInputFilter
[MASTER] 22:34:20.686 [logback-1] WARN  InheritanceTree - Class not in inheritance graph: java.lang.module.ModuleFinder
* Finished analyzing classpath
* Generating tests for class com.fasterxml.jackson.databind.cfg.BaseSettings
* Test criteria:
  - Line Coverage
  - Branch Coverage
  - Exception
  - Mutation testing (weak)
  - Method-Output Coverage
  - Top-Level Method Coverage
  - No-Exception Top-Level Method Coverage
  - Context Branch Coverage
* Setting up search algorithm for whole suite generation
========== CUSTOM GWO INITIALIZED ==========
* Total number of test goals: 
  - Line 67
  - Branch 41
  - Exception 0
  - MutationFactory 58
  - Output 65
  - Method 26
  - MethodNoException 26
  - CBranchFitnessFactory 41
* Using seed 1789918457356
* Starting evolution
[Progress:>                             0%] [Cov:>                                  0%][MASTER] 22:34:22.694 [logback-1] WARN  TestCluster - Failed to check cache for java.lang.Class<T> : Type points to itself
[MASTER] 22:34:29.174 [logback-1] WARN  TestCluster - Failed to check cache for java.util.Stack<E> : Type points to itself
[MASTER] 22:34:31.439 [logback-1] WARN  TestCluster - Failed to check cache for java.util.Map<K, V> : Type points to itself
[Progress:======>                       20%] [Cov:>                                  0%][Progress:======>                       20%] [Cov:====>                              12%][Progress:======>                       21%] [Cov:>                                  0%][Progress:======>                       21%] [Cov:====>                              12%][Progress:======>                       21%] [Cov:===>                               11%]========== GWO EVOLVE iteration=0 population=50 ==========
[Progress:==============================100%] [Cov:===>                               11%]GWO iteration=1 bestFitness=398.9852941176471 population=50 a=1.98
[Progress:==============================100%] [Cov:====>                              12%]
* Search finished after 927s and 1 generations, 0 statements, best individual has fitness: 399.9852941176471
[MASTER] 22:49:47.841 [logback-1] WARN  TimeController - Phase SEARCH lasted too long, 806 seconds more than allowed.
[MASTER] 22:49:47.843 [logback-1] WARN  TimeController - Current phase MINIMIZATION could run up to 60s, but only -390s are left
* Skipping minimization because not enough time is left
* Going to analyze the coverage criteria
* Coverage analysis for criterion LINE
* Coverage of criterion LINE: 0%
* Total number of goals: 67
* Number of covered goals: 0
* Coverage analysis for criterion BRANCH
* Coverage of criterion BRANCH: 0%
* Total number of goals: 41
* Number of covered goals: 0
* Coverage analysis for criterion EXCEPTION
* Coverage of criterion EXCEPTION: 100% (no goals)
* Coverage analysis for criterion WEAKMUTATION
* Coverage of criterion WEAKMUTATION: 0%
* Total number of goals: 58
* Number of covered goals: 0
* Coverage analysis for criterion OUTPUT
* Coverage of criterion OUTPUT: 0%
* Total number of goals: 65
* Number of covered goals: 0
* Coverage analysis for criterion METHOD
* Coverage of criterion METHOD: 0%
* Total number of goals: 26
* Number of covered goals: 0
* Coverage analysis for criterion METHODNOEXCEPTION
* Coverage of criterion METHODNOEXCEPTION: 0%
* Total number of goals: 26
* Number of covered goals: 0
* Coverage analysis for criterion CBRANCH
* Coverage of criterion CBRANCH: 0%
* Total number of goals: 41
* Number of covered goals: 0
* Generated 0 tests with total length 0
* Resulting test suite's coverage: 12% (average coverage for all fitness functions)
* Generating assertions
[MASTER] 22:49:47.857 [logback-1] WARN  TimeController - Current phase ASSERTION_GENERATION could run up to 60s, but only -390s are left
* Skipping assertion generation because not enough time is left
* Compiling and checking tests
[MASTER] 22:49:47.874 [logback-1] WARN  TimeController - Current phase JUNIT_CHECK could run up to 60s, but only -390s are left
* Writing tests to file
[MASTER] 22:49:47.876 [logback-1] WARN  TimeController - Current phase WRITING_TESTS could run up to 60s, but only -390s are left
* Writing JUnit test case 'BaseSettings_ESTest' to /home/user/evosuite-results/JacksonDatabind-24b/GWO/com_fasterxml_jackson_databind_cfg_BaseSettings/evosuite-tests
* Done!

* Computation finished
