* EvoSuite 1.2.1-SNAPSHOT
* Going to generate test cases for class: com.fasterxml.jackson.core.json.async.NonBlockingJsonParser
* Starting Client-0
* Connecting to master process on port 14964
* Analyzing classpath: 
  - /home/user/d4j-workspace/JacksonCore-26b/target/classes
  - /home/user/defects4j/framework/projects/JacksonCore/lib/junit/junit/4.12/junit-4.12.jar
  - /home/user/defects4j/framework/projects/JacksonCore/lib/org/hamcrest/hamcrest-core/1.3/hamcrest-core-1.3.jar
  - /home/user/d4j-workspace/JacksonCore-26b/target/classes
  - /home/user/d4j-workspace/JacksonCore-26b/target/test-classes
  - /home/user/defects4j/framework/projects/lib/junit-4.12-hamcrest-1.3.jar
  - /home/user/defects4j/framework/projects/JacksonCore/lib/junit/junit/4.11/junit-4.11.jar
  - /home/user/defects4j/framework/projects/JacksonCore/lib/junit/junit/4.8.2/junit-4.8.2.jar
  - /home/user/d4j-workspace/JacksonCore-26b/target/classes
  - /home/user/d4j-workspace/JacksonCore-26b/target/test-classes
* Error while initializing target class: Method too large: com/fasterxml/jackson/core/json/async/NonBlockingJsonParser.feedInput ([BII)V
[MASTER] 23:09:15.584 [logback-2] ERROR TestSuiteGenerator - Problem for com.fasterxml.jackson.core.json.async.NonBlockingJsonParser. Full stack:
java.lang.ClassNotFoundException: Method too large: com/fasterxml/jackson/core/json/async/NonBlockingJsonParser.feedInput ([BII)V
	at org.evosuite.instrumentation.InstrumentingClassLoader.instrumentClass(InstrumentingClassLoader.java:158)
	at org.evosuite.instrumentation.InstrumentingClassLoader.loadClass(InstrumentingClassLoader.java:126)
	at java.base/java.lang.Class.forName0(Native Method)
	at java.base/java.lang.Class.forName(Class.java:398)
	at java.base/jdk.internal.reflect.NativeMethodAccessorImpl.invoke0(Native Method)
	at java.base/jdk.internal.reflect.NativeMethodAccessorImpl.invoke(NativeMethodAccessorImpl.java:62)
	at java.base/jdk.internal.reflect.DelegatingMethodAccessorImpl.invoke(DelegatingMethodAccessorImpl.java:43)
	at java.base/java.lang.reflect.Method.invoke(Method.java:566)
	at org.evosuite.testcase.statements.MethodStatement$1.execute(MethodStatement.java:257)
	at org.evosuite.testcase.statements.AbstractStatement.exceptionHandler(AbstractStatement.java:165)
	at org.evosuite.testcase.statements.MethodStatement.execute(MethodStatement.java:220)
	at org.evosuite.testcase.execution.TestRunnable.executeStatements(TestRunnable.java:286)
	at org.evosuite.testcase.execution.TestRunnable.call(TestRunnable.java:192)
	at org.evosuite.testcase.execution.TestRunnable.call(TestRunnable.java:49)
	at java.base/java.util.concurrent.FutureTask.run(FutureTask.java:264)
	at java.base/java.util.concurrent.ThreadPoolExecutor.runWorker(ThreadPoolExecutor.java:1128)
	at java.base/java.util.concurrent.ThreadPoolExecutor$Worker.run(ThreadPoolExecutor.java:628)
	at java.base/java.lang.Thread.run(Thread.java:829)
Caused by: org.evosuite.shaded.org.objectweb.asm.MethodTooLargeException: Method too large: com/fasterxml/jackson/core/json/async/NonBlockingJsonParser.feedInput ([BII)V
	at org.evosuite.shaded.org.objectweb.asm.MethodWriter.computeMethodInfoSize(MethodWriter.java:2087)
	at org.evosuite.shaded.org.objectweb.asm.ClassWriter.toByteArray(ClassWriter.java:489)
	at org.evosuite.instrumentation.BytecodeInstrumentation.transformBytes(BytecodeInstrumentation.java:292)
	at org.evosuite.instrumentation.InstrumentingClassLoader.getTransformedBytes(InstrumentingClassLoader.java:135)
	at org.evosuite.instrumentation.InstrumentingClassLoader.instrumentClass(InstrumentingClassLoader.java:149)
	... 17 common frames omitted
* Computation finished
[MASTER] 23:09:15.916 [main] ERROR SearchStatistics - No statistics has been saved because EvoSuite failed to generate any test case
[MASTER] 23:09:16.018 [main] ERROR TestGeneration - failed to write statistics data
